Component: ARM Compiler 5.06 update 7 (build 960) Tool: armlink [4d3601]

==============================================================================

Section Cross References

    startup_stm32f411xe.o(RESET) refers to startup_stm32f411xe.o(STACK) for __initial_sp
    startup_stm32f411xe.o(RESET) refers to startup_stm32f411xe.o(.text) for Reset_Handler
    startup_stm32f411xe.o(RESET) refers to stm32f4xx_it.o(i.NMI_Handler) for NMI_Handler
    startup_stm32f411xe.o(RESET) refers to stm32f4xx_it.o(i.HardFault_Handler) for HardFault_Handler
    startup_stm32f411xe.o(RESET) refers to stm32f4xx_it.o(i.MemManage_Handler) for MemManage_Handler
    startup_stm32f411xe.o(RESET) refers to stm32f4xx_it.o(i.BusFault_Handler) for BusFault_Handler
    startup_stm32f411xe.o(RESET) refers to stm32f4xx_it.o(i.UsageFault_Handler) for UsageFault_Handler
    startup_stm32f411xe.o(RESET) refers to stm32f4xx_it.o(i.SVC_Handler) for SVC_Handler
    startup_stm32f411xe.o(RESET) refers to stm32f4xx_it.o(i.DebugMon_Handler) for DebugMon_Handler
    startup_stm32f411xe.o(RESET) refers to stm32f4xx_it.o(i.PendSV_Handler) for PendSV_Handler
    startup_stm32f411xe.o(RESET) refers to stm32f4xx_it.o(i.SysTick_Handler) for SysTick_Handler
    startup_stm32f411xe.o(RESET) refers to stm32f4xx_it.o(i.DMA1_Stream6_IRQHandler) for DMA1_Stream6_IRQHandler
    startup_stm32f411xe.o(RESET) refers to stm32f4xx_it.o(i.I2C1_EV_IRQHandler) for I2C1_EV_IRQHandler
    startup_stm32f411xe.o(RESET) refers to stm32f4xx_it.o(i.USART6_IRQHandler) for USART6_IRQHandler
    startup_stm32f411xe.o(.text) refers to system_stm32f4xx.o(i.SystemInit) for SystemInit
    startup_stm32f411xe.o(.text) refers to entry.o(.ARM.Collect$$$$00000000) for __main
    ws2812.o(i.ws2812_init) refers to system_stm32f4xx.o(i.SystemCoreClockUpdate) for SystemCoreClockUpdate
    ws2812.o(i.ws2812_init) refers to system_stm32f4xx.o(.data) for SystemCoreClock
    ws2812.o(i.ws2812_init) refers to main.o(.bss) for htim2
    ws2812.o(i.ws2812_init) refers to ws2812.o(.bss) for BUF_DMA
    ws2812.o(i.ws2812_light) refers to stm32f4xx_hal_tim.o(i.HAL_TIM_PWM_Start_DMA) for HAL_TIM_PWM_Start_DMA
    ws2812.o(i.ws2812_light) refers to ws2812.o(.bss) for BUF_DMA
    ws2812.o(i.ws2812_light) refers to main.o(.bss) for htim2
    ws2812.o(i.ws2812_pixel_rgb_to_buf_dma) refers to ws2812.o(.bss) for BUF_DMA
    menu.o(i.buttonHandler) refers to stm32f4xx_hal_gpio.o(i.HAL_GPIO_ReadPin) for HAL_GPIO_ReadPin
    menu.o(i.buttonHandler) refers to stm32f4xx_hal.o(i.HAL_GetTick) for HAL_GetTick
    menu.o(i.buttonHandler) refers to menu.o(i.nextLine) for nextLine
    menu.o(i.buttonHandler) refers to menu.o(.data) for time_irq
    menu.o(i.menuDrawHandler) refers to ssd1306.o(i.ssd1306_Fill) for ssd1306_Fill
    menu.o(i.menuDrawHandler) refers to ssd1306.o(i.ssd1306_DrawPixel) for ssd1306_DrawPixel
    menu.o(i.menuDrawHandler) refers to ssd1306.o(i.ssd1306_SetCursor) for ssd1306_SetCursor
    menu.o(i.menuDrawHandler) refers to ssd1306.o(i.ssd1306_WriteString) for ssd1306_WriteString
    menu.o(i.menuDrawHandler) refers to ssd1306.o(i.ssd1306_WriteInt) for ssd1306_WriteInt
    menu.o(i.menuDrawHandler) refers to menu.o(i.page1_Draw) for page1_Draw
    menu.o(i.menuDrawHandler) refers to menu.o(i.page2_Draw) for page2_Draw
    menu.o(i.menuDrawHandler) refers to menu.o(i.page3_Draw) for page3_Draw
    menu.o(i.menuDrawHandler) refers to menu.o(i.page4_Draw) for page4_Draw
    menu.o(i.menuDrawHandler) refers to menu.o(i.page5_Draw) for page5_Draw
    menu.o(i.menuDrawHandler) refers to menu.o(i.page6_Draw) for page6_Draw
    menu.o(i.menuDrawHandler) refers to ssd1306.o(i.ssd1306_SetContrast) for ssd1306_SetContrast
    menu.o(i.menuDrawHandler) refers to stm32f4xx_hal_gpio.o(i.HAL_GPIO_WritePin) for HAL_GPIO_WritePin
    menu.o(i.menuDrawHandler) refers to ssd1306.o(i.ssd1306_UpdateScreen) for ssd1306_UpdateScreen
    menu.o(i.menuDrawHandler) refers to settings.o(.bss) for Settings
    menu.o(i.menuDrawHandler) refers to menu.o(.data) for font_color
    menu.o(i.menuDrawHandler) refers to fonts.o(.data) for Font_7x9
    menu.o(i.menuHandler) refers to menu.o(i.menuInputHandler) for menuInputHandler
    menu.o(i.menuHandler) refers to menu.o(i.menuDrawHandler) for menuDrawHandler
    menu.o(i.menuHandler) refers to menu.o(i.buttonHandler) for buttonHandler
    menu.o(i.menuHandler) refers to menu.o(i.uartHandler) for uartHandler
    menu.o(i.menuInputHandler) refers to stm32f4xx_hal.o(i.HAL_GetTick) for HAL_GetTick
    menu.o(i.menuInputHandler) refers to menu.o(.data) for prev_tim_val
    menu.o(i.menuInputHandler) refers to settings.o(.bss) for Settings
    menu.o(i.menuInputHandler) refers to main.o(.bss) for htim1
    menu.o(i.menu_init) refers to stm32f4xx_hal.o(i.HAL_GetTick) for HAL_GetTick
    menu.o(i.menu_init) refers to menu.o(i.splashScreen) for splashScreen
    menu.o(i.menu_init) refers to settings.o(.bss) for Settings
    menu.o(i.menu_init) refers to main.o(.bss) for htim1
[...]
    i.DMA_CheckFifoParam                     0x080003b4   Section        0  stm32f4xx_hal_dma.o(i.DMA_CheckFifoParam)
    DMA_CheckFifoParam                       0x080003b5   Thumb Code   170  stm32f4xx_hal_dma.o(i.DMA_CheckFifoParam)
    i.DMA_SetConfig                          0x0800045e   Section        0  stm32f4xx_hal_dma.o(i.DMA_SetConfig)
    DMA_SetConfig                            0x0800045f   Thumb Code    44  stm32f4xx_hal_dma.o(i.DMA_SetConfig)
    i.DebugMon_Handler                       0x0800048a   Section        0  stm32f4xx_it.o(i.DebugMon_Handler)
    i.Error_Handler                          0x0800048c   Section        0  main.o(i.Error_Handler)
    i.Garl_Handler                           0x08000492   Section        0  garl.o(i.Garl_Handler)
    i.Garl_Turn_All_Off                      0x080004a6   Section        0  garl.o(i.Garl_Turn_All_Off)
    i.Garl_Turn_All_On                       0x080004b2   Section        0  garl.o(i.Garl_Turn_All_On)
    i.Garl_Turn_Back_Off                     0x080004be   Section        0  garl.o(i.Garl_Turn_Back_Off)
    i.Garl_Turn_Back_On                      0x080004d4   Section        0  garl.o(i.Garl_Turn_Back_On)
    i.Garl_Turn_Front_Off                    0x080004ea   Section        0  garl.o(i.Garl_Turn_Front_Off)
    i.Garl_Turn_Front_On                     0x08000500   Section        0  garl.o(i.Garl_Turn_Front_On)
    i.Garl_Turn_Off                          0x08000518   Section        0  garl.o(i.Garl_Turn_Off)
    i.Garl_Turn_On                           0x08000524   Section        0  garl.o(i.Garl_Turn_On)
    i.Garl_init                              0x08000530   Section        0  garl.o(i.Garl_init)
    i.HAL_DMA_Abort_IT                       0x080006c8   Section        0  stm32f4xx_hal_dma.o(i.HAL_DMA_Abort_IT)
    i.HAL_DMA_GetState                       0x080006f0   Section        0  stm32f4xx_hal_dma.o(i.HAL_DMA_GetState)
    i.HAL_DMA_IRQHandler                     0x080006f8   Section        0  stm32f4xx_hal_dma.o(i.HAL_DMA_IRQHandler)
    i.HAL_DMA_Init                           0x08000938   Section        0  stm32f4xx_hal_dma.o(i.HAL_DMA_Init)
    i.HAL_DMA_Start_IT                       0x08000a24   Section        0  stm32f4xx_hal_dma.o(i.HAL_DMA_Start_IT)
    i.HAL_Delay                              0x08000ab8   Section        0  stm32f4xx_hal.o(i.HAL_Delay)
    i.HAL_GPIO_Init                          0x08000ae0   Section        0  stm32f4xx_hal_gpio.o(i.HAL_GPIO_Init)
    i.HAL_GPIO_ReadPin                       0x08000cb4   Section        0  stm32f4xx_hal_gpio.o(i.HAL_GPIO_ReadPin)
    i.HAL_GPIO_WritePin                      0x08000cc4   Section        0  stm32f4xx_hal_gpio.o(i.HAL_GPIO_WritePin)
    i.HAL_GetTick                            0x08000cd0   Section        0  stm32f4xx_hal.o(i.HAL_GetTick)
    i.HAL_I2C_AbortCpltCallback              0x08000cdc   Section        0  stm32f4xx_hal_i2c.o(i.HAL_I2C_AbortCpltCallback)
    i.HAL_I2C_AddrCallback                   0x08000cde   Section        0  stm32f4xx_hal_i2c.o(i.HAL_I2C_AddrCallback)
    i.HAL_I2C_EV_IRQHandler                  0x08000ce0   Section        0  stm32f4xx_hal_i2c.o(i.HAL_I2C_EV_IRQHandler)
    i.HAL_I2C_ErrorCallback                  0x08000eb4   Section        0  stm32f4xx_hal_i2c.o(i.HAL_I2C_ErrorCallback)
    i.HAL_I2C_Init                           0x08000eb8   Section        0  stm32f4xx_hal_i2c.o(i.HAL_I2C_Init)
    i.HAL_I2C_ListenCpltCallback             0x08001088   Section        0  stm32f4xx_hal_i2c.o(i.HAL_I2C_ListenCpltCallback)
    i.HAL_I2C_MasterRxCpltCallback           0x0800108a   Section        0  stm32f4xx_hal_i2c.o(i.HAL_I2C_MasterRxCpltCallback)
    i.HAL_I2C_MasterTxCpltCallback           0x0800108c   Section        0  stm32f4xx_hal_i2c.o(i.HAL_I2C_MasterTxCpltCallback)
    i.HAL_I2C_MemRxCpltCallback              0x0800108e   Section        0  stm32f4xx_hal_i2c.o(i.HAL_I2C_MemRxCpltCallback)
    i.HAL_I2C_MemTxCpltCallback              0x08001090   Section        0  stm32f4xx_hal_i2c.o(i.HAL_I2C_MemTxCpltCallback)
    i.HAL_I2C_Mem_Write                      0x08001094   Section        0  stm32f4xx_hal_i2c.o(i.HAL_I2C_Mem_Write)
    i.HAL_I2C_MspInit                        0x080011f8   Section        0  stm32f4xx_hal_msp.o(i.HAL_I2C_MspInit)
    i.HAL_I2C_SlaveRxCpltCallback            0x08001290   Section        0  stm32f4xx_hal_i2c.o(i.HAL_I2C_SlaveRxCpltCallback)
    i.HAL_I2C_SlaveTxCpltCallback            0x08001292   Section        0  stm32f4xx_hal_i2c.o(i.HAL_I2C_SlaveTxCpltCallback)
    i.HAL_IncTick                            0x08001294   Section        0  stm32f4xx_hal.o(i.HAL_IncTick)
    i.HAL_Init                               0x080012ac   Section        0  stm32f4xx_hal.o(i.HAL_Init)
    i.HAL_InitTick                           0x080012e8   Section        0  stm32f4xx_hal.o(i.HAL_InitTick)
    i.HAL_MspInit                            0x08001334   Section        0  stm32f4xx_hal_msp.o(i.HAL_MspInit)
    i.HAL_NVIC_EnableIRQ                     0x0800137c   Section        0  stm32f4xx_hal_cortex.o(i.HAL_NVIC_EnableIRQ)
    i.HAL_NVIC_SetPriority                   0x0800139c   Section        0  stm32f4xx_hal_cortex.o(i.HAL_NVIC_SetPriority)
    i.HAL_NVIC_SetPriorityGrouping           0x08001418   Section        0  stm32f4xx_hal_cortex.o(i.HAL_NVIC_SetPriorityGrouping)
    i.HAL_RCC_ClockConfig                    0x08001440   Section        0  stm32f4xx_hal_rcc.o(i.HAL_RCC_ClockConfig)
    i.HAL_RCC_GetHCLKFreq                    0x080015c4   Section        0  stm32f4xx_hal_rcc.o(i.HAL_RCC_GetHCLKFreq)
    i.HAL_RCC_GetPCLK1Freq                   0x080015d0   Section        0  stm32f4xx_hal_rcc.o(i.HAL_RCC_GetPCLK1Freq)
    i.HAL_RCC_GetPCLK2Freq                   0x080015f0   Section        0  stm32f4xx_hal_rcc.o(i.HAL_RCC_GetPCLK2Freq)
    i.HAL_RCC_GetSysClockFreq                0x08001610   Section        0  stm32f4xx_hal_rcc.o(i.HAL_RCC_GetSysClockFreq)
    i.HAL_RCC_OscConfig                      0x080016c0   Section        0  stm32f4xx_hal_rcc.o(i.HAL_RCC_OscConfig)
    i.HAL_SYSTICK_Config                     0x08001b48   Section        0  stm32f4xx_hal_cortex.o(i.HAL_SYSTICK_Config)
    i.HAL_TIMEx_MasterConfigSynchronization  0x08001b7c   Section        0  stm32f4xx_hal_tim_ex.o(i.HAL_TIMEx_MasterConfigSynchronization)
    i.HAL_TIM_Base_Init                      0x08001c18   Section        0  stm32f4xx_hal_tim.o(i.HAL_TIM_Base_Init)
    i.HAL_TIM_Base_MspInit                   0x08001c4c   Section        0  stm32f4xx_hal_msp.o(i.HAL_TIM_Base_MspInit)
    i.HAL_TIM_ConfigClockSource              0x08001cd4   Section        0  stm32f4xx_hal_tim.o(i.HAL_TIM_ConfigClockSource)
    i.HAL_TIM_Encoder_Init                   0x08001ddc   Section        0  stm32f4xx_hal_tim.o(i.HAL_TIM_Encoder_Init)
    i.HAL_TIM_Encoder_MspInit                0x08001e8c   Section        0  stm32f4xx_hal_msp.o(i.HAL_TIM_Encoder_MspInit)
    i.HAL_TIM_Encoder_Start_IT               0x08001f14   Section        0  stm32f4xx_hal_tim.o(i.HAL_TIM_Encoder_Start_IT)
    i.HAL_TIM_ErrorCallback                  0x08001f92   Section        0  stm32f4xx_hal_tim.o(i.HAL_TIM_ErrorCallback)
    i.HAL_TIM_MspPostInit                    0x08001f94   Section        0  stm32f4xx_hal_msp.o(i.HAL_TIM_MspPostInit)
    i.HAL_TIM_PWM_ConfigChannel              0x08001ff0   Section        0  stm32f4xx_hal_tim.o(i.HAL_TIM_PWM_ConfigChannel)
    i.HAL_TIM_PWM_Init                       0x080020f8   Section        0  stm32f4xx_hal_tim.o(i.HAL_TIM_PWM_Init)
    i.HAL_TIM_PWM_MspInit                    0x0800212c   Section        0  stm32f4xx_hal_tim.o(i.HAL_TIM_PWM_MspInit)
    i.HAL_TIM_PWM_PulseFinishedCallback      0x08002130   Section        0  main.o(i.HAL_TIM_PWM_PulseFinishedCallback)
    i.HAL_TIM_PWM_PulseFinishedHalfCpltCallback 0x08002144   Section        0  stm32f4xx_hal_tim.o(i.HAL_TIM_PWM_PulseFinishedHalfCpltCallback)
    i.HAL_TIM_PWM_Start_DMA                  0x08002148   Section        0  stm32f4xx_hal_tim.o(i.HAL_TIM_PWM_Start_DMA)
    i.HAL_TIM_PWM_Stop_DMA                   0x080022b4   Section        0  stm32f4xx_hal_tim.o(i.HAL_TIM_PWM_Stop_DMA)
    i.HAL_UART_ErrorCallback                 0x08002394   Section        0  main.o(i.HAL_UART_ErrorCallback)
    i.HAL_UART_IRQHandler                    0x08002398   Section        0  stm32f4xx_hal_uart.o(i.HAL_UART_IRQHandler)
    i.HAL_UART_Init                          0x080024ec   Section        0  stm32f4xx_hal_uart.o(i.HAL_UART_Init)
    i.HAL_UART_MspInit                       0x08002560   Section        0  stm32f4xx_hal_msp.o(i.HAL_UART_MspInit)
    i.HAL_UART_RxCpltCallback                0x080025f8   Section        0  main.o(i.HAL_UART_RxCpltCallback)
    i.HAL_UART_TxCpltCallback                0x080025fa   Section        0  stm32f4xx_hal_uart.o(i.HAL_UART_TxCpltCallback)
    i.HardFault_Handler                      0x080025fc   Section        0  stm32f4xx_it.o(i.HardFault_Handler)
    i.I2C1_EV_IRQHandler                     0x08002644   Section        0  stm32f4xx_it.o(i.I2C1_EV_IRQHandler)
    i.I2C_ConvertOtherXferOptions            0x08002654   Section        0  stm32f4xx_hal_i2c.o(i.I2C_ConvertOtherXferOptions)
    I2C_ConvertOtherXferOptions              0x08002655   Thumb Code    28  stm32f4xx_hal_i2c.o(i.I2C_ConvertOtherXferOptions)
    i.I2C_DMAAbort                           0x08002670   Section        0  stm32f4xx_hal_i2c.o(i.I2C_DMAAbort)
    I2C_DMAAbort                             0x08002671   Thumb Code   242  stm32f4xx_hal_i2c.o(i.I2C_DMAAbort)
    i.I2C_ITError                            0x08002768   Section        0  stm32f4xx_hal_i2c.o(i.I2C_ITError)
    I2C_ITError                              0x08002769   Thumb Code   420  stm32f4xx_hal_i2c.o(i.I2C_ITError)
    i.I2C_IsAcknowledgeFailed                0x08002914   Section        0  stm32f4xx_hal_i2c.o(i.I2C_IsAcknowledgeFailed)
    I2C_IsAcknowledgeFailed                  0x08002915   Thumb Code    62  stm32f4xx_hal_i2c.o(i.I2C_IsAcknowledgeFailed)
    i.I2C_MasterReceive_BTF                  0x08002952   Section        0  stm32f4xx_hal_i2c.o(i.I2C_MasterReceive_BTF)
    I2C_MasterReceive_BTF                    0x08002953   Thumb Code   294  stm32f4xx_hal_i2c.o(i.I2C_MasterReceive_BTF)
    i.I2C_MasterReceive_RXNE                 0x08002a78   Section        0  stm32f4xx_hal_i2c.o(i.I2C_MasterReceive_RXNE)
    I2C_MasterReceive_RXNE                   0x08002a79   Thumb Code   226  stm32f4xx_hal_i2c.o(i.I2C_MasterReceive_RXNE)
    i.I2C_MasterTransmit_BTF                 0x08002b5a   Section        0  stm32f4xx_hal_i2c.o(i.I2C_MasterTransmit_BTF)
    I2C_MasterTransmit_BTF                   0x08002b5b   Thumb Code   138  stm32f4xx_hal_i2c.o(i.I2C_MasterTransmit_BTF)
    i.I2C_MasterTransmit_TXE                 0x08002be4   Section        0  stm32f4xx_hal_i2c.o(i.I2C_MasterTransmit_TXE)
    I2C_MasterTransmit_TXE                   0x08002be5   Thumb Code   216  stm32f4xx_hal_i2c.o(i.I2C_MasterTransmit_TXE)
    i.I2C_Master_ADD10                       0x08002cbc   Section        0  stm32f4xx_hal_i2c.o(i.I2C_Master_ADD10)
    I2C_Master_ADD10                         0x08002cbd   Thumb Code    42  stm32f4xx_hal_i2c.o(i.I2C_Master_ADD10)
    i.I2C_Master_ADDR                        0x08002ce6   Section        0  stm32f4xx_hal_i2c.o(i.I2C_Master_ADDR)
    I2C_Master_ADDR                          0x08002ce7   Thumb Code   616  stm32f4xx_hal_i2c.o(i.I2C_Master_ADDR)
    i.I2C_Master_SB                          0x08002f4e   Section        0  stm32f4xx_hal_i2c.o(i.I2C_Master_SB)
    I2C_Master_SB                            0x08002f4f   Thumb Code   158  stm32f4xx_hal_i2c.o(i.I2C_Master_SB)
    i.I2C_MemoryTransmit_TXE_BTF             0x08002fec   Section        0  stm32f4xx_hal_i2c.o(i.I2C_MemoryTransmit_TXE_BTF)
    I2C_MemoryTransmit_TXE_BTF               0x08002fed   Thumb Code   184  stm32f4xx_hal_i2c.o(i.I2C_MemoryTransmit_TXE_BTF)
    i.I2C_RequestMemoryWrite                 0x080030a4   Section        0  stm32f4xx_hal_i2c.o(i.I2C_RequestMemoryWrite)
    I2C_RequestMemoryWrite                   0x080030a5   Thumb Code   220  stm32f4xx_hal_i2c.o(i.I2C_RequestMemoryWrite)
    i.I2C_SlaveReceive_BTF                   0x08003184   Section        0  stm32f4xx_hal_i2c.o(i.I2C_SlaveReceive_BTF)
    I2C_SlaveReceive_BTF                     0x08003185   Thumb Code    26  stm32f4xx_hal_i2c.o(i.I2C_SlaveReceive_BTF)
    i.I2C_SlaveReceive_RXNE                  0x0800319e   Section        0  stm32f4xx_hal_i2c.o(i.I2C_SlaveReceive_RXNE)
    I2C_SlaveReceive_RXNE                    0x0800319f   Thumb Code    70  stm32f4xx_hal_i2c.o(i.I2C_SlaveReceive_RXNE)
    i.I2C_SlaveTransmit_BTF                  0x080031e4   Section        0  stm32f4xx_hal_i2c.o(i.I2C_SlaveTransmit_BTF)
    I2C_SlaveTransmit_BTF                    0x080031e5   Thumb Code    26  stm32f4xx_hal_i2c.o(i.I2C_SlaveTransmit_BTF)
    i.I2C_SlaveTransmit_TXE                  0x080031fe   Section        0  stm32f4xx_hal_i2c.o(i.I2C_SlaveTransmit_TXE)
    I2C_SlaveTransmit_TXE                    0x080031ff   Thumb Code    70  stm32f4xx_hal_i2c.o(i.I2C_SlaveTransmit_TXE)
    i.I2C_Slave_ADDR                         0x08003244   Section        0  stm32f4xx_hal_i2c.o(i.I2C_Slave_ADDR)
    I2C_Slave_ADDR                           0x08003245   Thumb Code   102  stm32f4xx_hal_i2c.o(i.I2C_Slave_ADDR)
    i.I2C_Slave_STOPF                        0x080032ac   Section        0  stm32f4xx_hal_i2c.o(i.I2C_Slave_STOPF)
    I2C_Slave_STOPF                          0x080032ad   Thumb Code   386  stm32f4xx_hal_i2c.o(i.I2C_Slave_STOPF)
    i.I2C_WaitOnBTFFlagUntilTimeout          0x08003438   Section        0  stm32f4xx_hal_i2c.o(i.I2C_WaitOnBTFFlagUntilTimeout)
    I2C_WaitOnBTFFlagUntilTimeout            0x08003439   Thumb Code    92  stm32f4xx_hal_i2c.o(i.I2C_WaitOnBTFFlagUntilTimeout)
    i.I2C_WaitOnFlagUntilTimeout             0x08003494   Section        0  stm32f4xx_hal_i2c.o(i.I2C_WaitOnFlagUntilTimeout)
    I2C_WaitOnFlagUntilTimeout               0x08003495   Thumb Code   134  stm32f4xx_hal_i2c.o(i.I2C_WaitOnFlagUntilTimeout)
    i.I2C_WaitOnMasterAddressFlagUntilTimeout 0x0800351a   Section        0  stm32f4xx_hal_i2c.o(i.I2C_WaitOnMasterAddressFlagUntilTimeout)
    I2C_WaitOnMasterAddressFlagUntilTimeout  0x0800351b   Thumb Code   196  stm32f4xx_hal_i2c.o(i.I2C_WaitOnMasterAddressFlagUntilTimeout)
    i.I2C_WaitOnSTOPRequestThroughIT         0x080035e0   Section        0  stm32f4xx_hal_i2c.o(i.I2C_WaitOnSTOPRequestThroughIT)
    I2C_WaitOnSTOPRequestThroughIT           0x080035e1   Thumb Code    74  stm32f4xx_hal_i2c.o(i.I2C_WaitOnSTOPRequestThroughIT)
    i.I2C_WaitOnTXEFlagUntilTimeout          0x08003630   Section        0  stm32f4xx_hal_i2c.o(i.I2C_WaitOnTXEFlagUntilTimeout)
    I2C_WaitOnTXEFlagUntilTimeout            0x08003631   Thumb Code    92  stm32f4xx_hal_i2c.o(i.I2C_WaitOnTXEFlagUntilTimeout)
    i.MX_DMA_Init                            0x0800368c   Section        0  main.o(i.MX_DMA_Init)
    MX_DMA_Init                              0x0800368d   Thumb Code    52  main.o(i.MX_DMA_Init)
    i.MX_GPIO_Init                           0x080036c4   Section        0  main.o(i.MX_GPIO_Init)
    MX_GPIO_Init                             0x080036c5   Thumb Code   192  main.o(i.MX_GPIO_Init)
    i.MX_I2C1_Init                           0x08003790   Section        0  main.o(i.MX_I2C1_Init)
    MX_I2C1_Init                             0x08003791   Thumb Code    48  main.o(i.MX_I2C1_Init)
    i.MX_TIM1_Init                           0x080037cc   Section        0  main.o(i.MX_TIM1_Init)
    MX_TIM1_Init                             0x080037cd   Thumb Code   114  main.o(i.MX_TIM1_Init)
    i.MX_TIM2_Init                           0x08003848   Section        0  main.o(i.MX_TIM2_Init)
    MX_TIM2_Init                             0x08003849   Thumb Code   154  main.o(i.MX_TIM2_Init)
    i.MX_USART6_UART_Init                    0x080038e8   Section        0  main.o(i.MX_USART6_UART_Init)
    MX_USART6_UART_Init                      0x080038e9   Thumb Code    46  main.o(i.MX_USART6_UART_Init)
    i.MemManage_Handler                      0x08003920   Section        0  stm32f4xx_it.o(i.MemManage_Handler)
    i.NMI_Handler                            0x08003924   Section        0  stm32f4xx_it.o(i.NMI_Handler)
    i.PendSV_Handler                         0x08003928   Section        0  stm32f4xx_it.o(i.PendSV_Handler)
    i.SVC_Handler                            0x0800392a   Section        0  stm32f4xx_it.o(i.SVC_Handler)
    i.SysTick_Handler                        0x0800392c   Section        0  stm32f4xx_it.o(i.SysTick_Handler)
    i.SystemClock_Config                     0x08003934   Section        0  main.o(i.SystemClock_Config)
    i.SystemCoreClockUpdate                  0x080039e4   Section        0  system_stm32f4xx.o(i.SystemCoreClockUpdate)
    i.SystemInit                             0x08003aa4   Section        0  system_stm32f4xx.o(i.SystemInit)
    i.TIM_Base_SetConfig                     0x08003ac0   Section        0  stm32f4xx_hal_tim.o(i.TIM_Base_SetConfig)
    i.TIM_CCxChannelCmd                      0x08003b64   Section        0  stm32f4xx_hal_tim.o(i.TIM_CCxChannelCmd)
    i.TIM_DMADelayPulseCplt                  0x08003b86   Section        0  stm32f4xx_hal_tim.o(i.TIM_DMADelayPulseCplt)
    i.TIM_DMADelayPulseHalfCplt              0x08003bcc   Section        0  stm32f4xx_hal_tim.o(i.TIM_DMADelayPulseHalfCplt)
    i.TIM_DMAError                           0x08003c12   Section        0  stm32f4xx_hal_tim.o(i.TIM_DMAError)
    i.TIM_ETR_SetConfig                      0x08003c26   Section        0  stm32f4xx_hal_tim.o(i.TIM_ETR_SetConfig)
    i.TIM_ITRx_SetConfig                     0x08003c3c   Section        0  stm32f4xx_hal_tim.o(i.TIM_ITRx_SetConfig)
    TIM_ITRx_SetConfig                       0x08003c3d   Thumb Code    18  stm32f4xx_hal_tim.o(i.TIM_ITRx_SetConfig)
    i.TIM_OC1_SetConfig                      0x08003c50   Section        0  stm32f4xx_hal_tim.o(i.TIM_OC1_SetConfig)
    TIM_OC1_SetConfig                        0x08003c51   Thumb Code    90  stm32f4xx_hal_tim.o(i.TIM_OC1_SetConfig)
    i.TIM_OC2_SetConfig                      0x08003cb0   Section        0  stm32f4xx_hal_tim.o(i.TIM_OC2_SetConfig)
    i.TIM_OC3_SetConfig                      0x08003d18   Section        0  stm32f4xx_hal_tim.o(i.TIM_OC3_SetConfig)
    TIM_OC3_SetConfig                        0x08003d19   Thumb Code    98  stm32f4xx_hal_tim.o(i.TIM_OC3_SetConfig)
    i.TIM_OC4_SetConfig                      0x08003d80   Section        0  stm32f4xx_hal_tim.o(i.TIM_OC4_SetConfig)
    TIM_OC4_SetConfig                        0x08003d81   Thumb Code    68  stm32f4xx_hal_tim.o(i.TIM_OC4_SetConfig)
    i.TIM_TI1_ConfigInputStage               0x08003dc8   Section        0  stm32f4xx_hal_tim.o(i.TIM_TI1_ConfigInputStage)
    TIM_TI1_ConfigInputStage                 0x08003dc9   Thumb Code    38  stm32f4xx_hal_tim.o(i.TIM_TI1_ConfigInputStage)
    i.TIM_TI2_ConfigInputStage               0x08003dee   Section        0  stm32f4xx_hal_tim.o(i.TIM_TI2_ConfigInputStage)
    TIM_TI2_ConfigInputStage                 0x08003def   Thumb Code    40  stm32f4xx_hal_tim.o(i.TIM_TI2_ConfigInputStage)
    i.UART_DMAAbortOnError                   0x08003e16   Section        0  stm32f4xx_hal_uart.o(i.UART_DMAAbortOnError)
    UART_DMAAbortOnError                     0x08003e17   Thumb Code    20  stm32f4xx_hal_uart.o(i.UART_DMAAbortOnError)
    i.UART_EndRxTransfer                     0x08003e2a   Section        0  stm32f4xx_hal_uart.o(i.UART_EndRxTransfer)
    UART_EndRxTransfer                       0x08003e2b   Thumb Code    32  stm32f4xx_hal_uart.o(i.UART_EndRxTransfer)
    i.UART_EndTransmit_IT                    0x08003e4a   Section        0  stm32f4xx_hal_uart.o(i.UART_EndTransmit_IT)
    UART_EndTransmit_IT                      0x08003e4b   Thumb Code    32  stm32f4xx_hal_uart.o(i.UART_EndTransmit_IT)
    i.UART_Receive_IT                        0x08003e6a   Section        0  stm32f4xx_hal_uart.o(i.UART_Receive_IT)
    UART_Receive_IT                          0x08003e6b   Thumb Code   166  stm32f4xx_hal_uart.o(i.UART_Receive_IT)
    i.UART_SetConfig                         0x08003f10   Section        0  stm32f4xx_hal_uart.o(i.UART_SetConfig)
    UART_SetConfig                           0x08003f11   Thumb Code   992  stm32f4xx_hal_uart.o(i.UART_SetConfig)
    i.UART_Transmit_IT                       0x080042f8   Section        0  stm32f4xx_hal_uart.o(i.UART_Transmit_IT)
    UART_Transmit_IT                         0x080042f9   Thumb Code   104  stm32f4xx_hal_uart.o(i.UART_Transmit_IT)
    i.USART6_IRQHandler                      0x08004360   Section        0  stm32f4xx_it.o(i.USART6_IRQHandler)
    i.UsageFault_Handler                     0x080043c0   Section        0  stm32f4xx_it.o(i.UsageFault_Handler)
    i.__0sprintf$1                           0x080043c4   Section        0  printf1.o(i.__0sprintf$1)
    i.__NVIC_GetPriorityGrouping             0x080043ec   Section        0  stm32f4xx_hal_cortex.o(i.__NVIC_GetPriorityGrouping)
    __NVIC_GetPriorityGrouping               0x080043ed   Thumb Code    10  stm32f4xx_hal_cortex.o(i.__NVIC_GetPriorityGrouping)
    i.__NVIC_SetPriority                     0x080043fc   Section        0  stm32f4xx_hal_cortex.o(i.__NVIC_SetPriority)
    __NVIC_SetPriority                       0x080043fd   Thumb Code    32  stm32f4xx_hal_cortex.o(i.__NVIC_SetPriority)
    i.__scatterload_copy                     0x08004424   Section       14  handlers.o(i.__scatterload_copy)
    i.__scatterload_null                     0x08004432   Section        2  handlers.o(i.__scatterload_null)
    i.__scatterload_zeroinit                 0x08004434   Section       14  handlers.o(i.__scatterload_zeroinit)
    i._printf_core                           0x08004444   Section        0  printf1.o(i._printf_core)
    _printf_core                             0x08004445   Thumb Code   336  printf1.o(i._printf_core)
    i._sputc                                 0x08004598   Section        0  printf1.o(i._sputc)
    _sputc                                   0x08004599   Thumb Code    10  printf1.o(i._sputc)
    i.bluetooth_CommandsHandler              0x080045a4   Section        0  bluetooth.o(i.bluetooth_CommandsHandler)
    i.bluetooth_IRQHandler                   0x080045ec   Section        0  bluetooth.o(i.bluetooth_IRQHandler)
    i.bluetooth_Init                         0x0800461c   Section        0  bluetooth.o(i.bluetooth_Init)
    i.build_frame                            0x08004630   Section        0  bluetooth.o(i.build_frame)
    i.buttonHandler                          0x08004668   Section        0  menu.o(i.buttonHandler)
    i.bytes_to_process                       0x080046cc   Section        0  bluetooth.o(i.bytes_to_process)
    i.check_frame                            0x08004708   Section        0  bluetooth.o(i.check_frame)
    i.check_sum                              0x08004736   Section        0  bluetooth.o(i.check_sum)
    i.colorMode_handler                      0x08004754   Section        0  garl.o(i.colorMode_handler)
    i.hsv_to_rgb                             0x080047e8   Section        0  colors.o(i.hsv_to_rgb)
    i.main                                   0x080048a0   Section        0  main.o(i.main)
    i.menuDrawHandler                        0x080049b0   Section        0  menu.o(i.menuDrawHandler)
    i.menuHandler                            0x08004b94   Section        0  menu.o(i.menuHandler)
    i.menuInputHandler                       0x08004ba8   Section        0  menu.o(i.menuInputHandler)
    i.menu_init                              0x08004c78   Section        0  menu.o(i.menu_init)
    i.nextLine                               0x08004cd0   Section        0  menu.o(i.nextLine)
    i.operatingMode_handler                  0x08004d70   Section        0  garl.o(i.operatingMode_handler)
    i.page1_Draw                             0x08004e30   Section        0  menu.o(i.page1_Draw)
    i.page2_Draw                             0x08005040   Section        0  menu.o(i.page2_Draw)
    i.page3_Draw                             0x08005042   Section        0  menu.o(i.page3_Draw)
    i.page4_Draw                             0x08005044   Section        0  menu.o(i.page4_Draw)
    i.page5_Draw                             0x08005046   Section        0  menu.o(i.page5_Draw)
    i.page6_Draw                             0x08005048   Section        0  menu.o(i.page6_Draw)
    i.process_frame                          0x0800504c   Section        0  bluetooth.o(i.process_frame)
    i.set_garl_color                         0x080050bc   Section        0  garl.o(i.set_garl_color)
    i.showSplashScreen                       0x0800523c   Section        0  menu.o(i.showSplashScreen)
    i.splashScreen                           0x080052b0   Section        0  menu.o(i.splashScreen)
    i.ssd1306_CopyToBuffer                   0x0800531c   Section        0  ssd1306.o(i.ssd1306_CopyToBuffer)
    i.ssd1306_DrawPixel                      0x08005334   Section        0  ssd1306.o(i.ssd1306_DrawPixel)
    i.ssd1306_Fill                           0x08005388   Section        0  ssd1306.o(i.ssd1306_Fill)
    i.ssd1306_Init                           0x080053ac   Section        0  ssd1306.o(i.ssd1306_Init)
    i.ssd1306_SendToDisplay                  0x08005454   Section        0  ssd1306.o(i.ssd1306_SendToDisplay)
    ssd1306_SendToDisplay                    0x08005455   Thumb Code    32  ssd1306.o(i.ssd1306_SendToDisplay)
    i.ssd1306_SetContrast                    0x08005478   Section        0  ssd1306.o(i.ssd1306_SetContrast)
    i.ssd1306_SetCursor                      0x08005498   Section        0  ssd1306.o(i.ssd1306_SetCursor)
    i.ssd1306_UpdateScreen                   0x080054a4   Section        0  ssd1306.o(i.ssd1306_UpdateScreen)
    i.ssd1306_WriteChar                      0x080054c4   Section        0  ssd1306.o(i.ssd1306_WriteChar)
    i.ssd1306_WriteInt                       0x0800557c   Section        0  ssd1306.o(i.ssd1306_WriteInt)
    i.ssd1306_WriteString                    0x08005610   Section        0  ssd1306.o(i.ssd1306_WriteString)
    i.turn_on_off_handler                    0x08005634   Section        0  garl.o(i.turn_on_off_handler)
    i.uartHandler                            0x0800573c   Section        0  menu.o(i.uartHandler)
    i.ws2812_init                            0x08005740   Section        0  ws2812.o(i.ws2812_init)
    i.ws2812_light                           0x08005794   Section        0  ws2812.o(i.ws2812_light)
    i.ws2812_pixel_rgb_to_buf_dma            0x080057b0   Section        0  ws2812.o(i.ws2812_pixel_rgb_to_buf_dma)
    .constdata                               0x080058bc   Section     1431  fonts.o(.constdata)
    Font7x9_EN                               0x080058bc   Data         855  fonts.o(.constdata)
    Font7x9_RU                               0x08005c13   Data         576  fonts.o(.constdata)
    .constdata                               0x08005e54   Section        2  ssd1306.o(.constdata)
    .constdata                               0x08005e56   Section        8  stm32f4xx_hal_dma.o(.constdata)
    flagBitshiftOffset                       0x08005e56   Data           8  stm32f4xx_hal_dma.o(.constdata)
    .constdata                               0x08005e5e   Section       24  system_stm32f4xx.o(.constdata)
    .data                                    0x20000000   Section     4491  menu.o(.data)
    .data                                    0x2000118c   Section       12  fonts.o(.data)
    .data                                    0x20001198   Section       42  garl.o(.data)
    starts                                   0x20001198   Data           6  garl.o(.data)
    ends                                     0x2000119e   Data           6  garl.o(.data)
    .data                                    0x200011c2   Section       13  bluetooth.o(.data)
    .data                                    0x200011d0   Section        9  stm32f4xx_hal.o(.data)
    .data                                    0x200011dc   Section        4  system_stm32f4xx.o(.data)
    .bss                                     0x200011e0   Section    14592  ws2812.o(.bss)
    .bss                                     0x20004ae0   Section     1120  ssd1306.o(.bss)
    SSD1306_Buffer                           0x20004ae0   Data        1024  ssd1306.o(.bss)
    SSD1306                                  0x20004ee0   Data          96  ssd1306.o(.bss)
    .bss                                     0x20004f40   Section     1024  settings.o(.bss)
    .bss                                     0x20005340   Section      300  garl.o(.bss)
    .bss                                     0x2000546c   Section      372  main.o(.bss)
    .bss                                     0x200055e0   Section       20  bluetooth.o(.bss)
    STACK                                    0x200055f8   Section     1024  startup_stm32f411xe.o(STACK)

    Global Symbols

    Symbol Name                              Value     Ov Type        Size  Object(Section)

    BuildAttributes$$THM_ISAv4$E$P$D$K$B$S$7EM$VFPi3$EXTD16$VFPS$VFMA$PE$A:L22UL41UL21$X:L11$S22US41US21$IEEE1$IW$USESV6$~STKCKD$USESV7$~SHL$OSPACE$ROPI$EBA8$MICROLIB$REQ8$PRES8$EABIv2 0x00000000   Number         0  anon$$obj.o ABSOLUTE
    __ARM_use_no_argv                        0x00000000   Number         0  main.o ABSOLUTE
    _printf_a                                0x00000000   Number         0  stubs.o ABSOLUTE
    _printf_c                                0x00000000   Number         0  stubs.o ABSOLUTE
    _printf_charcount                        0x00000000   Number         0  stubs.o ABSOLUTE
    _printf_d                                0x00000000   Number         0  stubs.o ABSOLUTE
    _printf_e                                0x00000000   Number         0  stubs.o ABSOLUTE
    _printf_f                                0x00000000   Number         0  stubs.o ABSOLUTE
    _printf_flags                            0x00000000   Number         0  stubs.o ABSOLUTE
    _printf_fp_dec                           0x00000000   Number         0  stubs.o ABSOLUTE
    _printf_fp_hex                           0x00000000   Number         0  stubs.o ABSOLUTE
    _printf_g                                0x00000000   Number         0  stubs.o ABSOLUTE
    _printf_i                                0x00000000   Number         0  stubs.o ABSOLUTE
    _printf_int_dec                          0x00000000   Number         0  stubs.o ABSOLUTE
    _printf_l                                0x00000000   Number         0  stubs.o ABSOLUTE
    _printf_lc                               0x00000000   Number         0  stubs.o ABSOLUTE
    _printf_ll                               0x00000000   Number         0  stubs.o ABSOLUTE
    _printf_lld                              0x00000000   Number         0  stubs.o ABSOLUTE
    _printf_lli                              0x00000000   Number         0  stubs.o ABSOLUTE
    _printf_llo                              0x00000000   Number         0  stubs.o ABSOLUTE
    _printf_llu                              0x00000000   Number         0  stubs.o ABSOLUTE
    _printf_llx                              0x00000000   Number         0  stubs.o ABSOLUTE
    _printf_longlong_dec                     0x00000000   Number         0  stubs.o ABSOLUTE
    _printf_longlong_hex                     0x00000000   Number         0  stubs.o ABSOLUTE
    _printf_longlong_oct                     0x00000000   Number         0  stubs.o ABSOLUTE
    _printf_ls                               0x00000000   Number         0  stubs.o ABSOLUTE
    _printf_mbtowc                           0x00000000   Number         0  stubs.o ABSOLUTE
    _printf_n                                0x00000000   Number         0  stubs.o ABSOLUTE
    _printf_o                                0x00000000   Number         0  stubs.o ABSOLUTE
    _printf_p                                0x00000000   Number         0  stubs.o ABSOLUTE
    _printf_percent                          0x00000000   Number         0  stubs.o ABSOLUTE
    _printf_pre_padding                      0x00000000   Number         0  stubs.o ABSOLUTE
    _printf_return_value                     0x00000000   Number         0  stubs.o ABSOLUTE
    _printf_s                                0x00000000   Number         0  stubs.o ABSOLUTE
    _printf_sizespec                         0x00000000   Number         0  stubs.o ABSOLUTE
    _printf_str                              0x00000000   Number         0  stubs.o ABSOLUTE
    _printf_truncate_signed                  0x00000000   Number         0  stubs.o ABSOLUTE
    _printf_truncate_unsigned                0x00000000   Number         0  stubs.o ABSOLUTE
    _printf_u                                0x00000000   Number         0  stubs.o ABSOLUTE
    _printf_wc                               0x00000000   Number         0  stubs.o ABSOLUTE
    _printf_wctomb                           0x00000000   Number         0  stubs.o ABSOLUTE
    _printf_widthprec                        0x00000000   Number         0  stubs.o ABSOLUTE
    _printf_x                                0x00000000   Number         0  stubs.o ABSOLUTE
    __arm_fini_                               - Undefined Weak Reference
    __cpp_initialize__aeabi_                  - Undefined Weak Reference
    __cxa_finalize                            - Undefined Weak Reference
    _clock_init                               - Undefined Weak Reference
    _microlib_exit                            - Undefined Weak Reference
    __Vectors_Size                           0x00000198   Number         0  startup_stm32f411xe.o ABSOLUTE
    __Vectors                                0x08000000   Data           4  startup_stm32f411xe.o(RESET)
    __Vectors_End                            0x08000198   Data           0  startup_stm32f411xe.o(RESET)
    __main                                   0x08000199   Thumb Code     0  entry.o(.ARM.Collect$$$$00000000)
    _main_stk                                0x08000199   Thumb Code     0  entry2.o(.ARM.Collect$$$$00000001)
    _main_scatterload                        0x0800019d   Thumb Code     0  entry5.o(.ARM.Collect$$$$00000004)
    __main_after_scatterload                 0x080001a1   Thumb Code     0  entry5.o(.ARM.Collect$$$$00000004)
    _main_clock                              0x080001a1   Thumb Code     0  entry7b.o(.ARM.Collect$$$$00000008)
    _main_cpp_init                           0x080001a1   Thumb Code     0  entry8b.o(.ARM.Collect$$$$0000000A)
    _main_init                               0x080001a1   Thumb Code     0  entry9a.o(.ARM.Collect$$$$0000000B)
    __rt_lib_shutdown_fini                   0x080001a9   Thumb Code     0  entry12b.o(.ARM.Collect$$$$0000000E)
    __rt_final_cpp                           0x080001ad   Thumb Code     0  entry10a.o(.ARM.Collect$$$$0000000F)
    __rt_final_exit                          0x080001ad   Thumb Code     0  entry11a.o(.ARM.Collect$$$$00000011)
    Reset_Handler                            0x080001b1   Thumb Code     8  startup_stm32f411xe.o(.text)
    ADC_IRQHandler                           0x080001cb   Thumb Code     0  startup_stm32f411xe.o(.text)
    DMA1_Stream0_IRQHandler                  0x080001cb   Thumb Code     0  startup_stm32f411xe.o(.text)
    DMA1_Stream1_IRQHandler                  0x080001cb   Thumb Code     0  startup_stm32f411xe.o(.text)
    DMA1_Stream2_IRQHandler                  0x080001cb   Thumb Code     0  startup_stm32f411xe.o(.text)
    DMA1_Stream3_IRQHandler                  0x080001cb   Thumb Code     0  startup_stm32f411xe.o(.text)
    DMA1_Stream4_IRQHandler                  0x080001cb   Thumb Code     0  startup_stm32f411xe.o(.text)
    DMA1_Stream5_IRQHandler                  0x080001cb   Thumb Code     0  startup_stm32f411xe.o(.text)
    DMA1_Stream7_IRQHandler                  0x080001cb   Thumb Code     0  startup_stm32f411xe.o(.text)
    DMA2_Stream0_IRQHandler                  0x080001cb   Thumb Code     0  startup_stm32f411xe.o(.text)
    DMA2_Stream1_IRQHandler                  0x080001cb   Thumb Code     0  startup_stm32f411xe.o(.text)
    DMA2_Stream2_IRQHandler                  0x080001cb   Thumb Code     0  startup_stm32f411xe.o(.text)
    DMA2_Stream3_IRQHandler                  0x080001cb   Thumb Code     0  startup_stm32f411xe.o(.text)
    DMA2_Stream4_IRQHandler                  0x080001cb   Thumb Code     0  startup_stm32f411xe.o(.text)
    DMA2_Stream5_IRQHandler                  0x080001cb   Thumb Code     0  startup_stm32f411xe.o(.text)
    DMA2_Stream6_IRQHandler                  0x080001cb   Thumb Code     0  startup_stm32f411xe.o(.text)
    DMA2_Stream7_IRQHandler                  0x080001cb   Thumb Code     0  startup_stm32f411xe.o(.text)
    EXTI0_IRQHandler                         0x080001cb   Thumb Code     0  startup_stm32f411xe.o(.text)
    EXTI15_10_IRQHandler                     0x080001cb   Thumb Code     0  startup_stm32f411xe.o(.text)
    EXTI1_IRQHandler                         0x080001cb   Thumb Code     0  startup_stm32f411xe.o(.text)
    EXTI2_IRQHandler                         0x080001cb   Thumb Code     0  startup_stm32f411xe.o(.text)
    EXTI3_IRQHandler                         0x080001cb   Thumb Code     0  startup_stm32f411xe.o(.text)
    EXTI4_IRQHandler                         0x080001cb   Thumb Code     0  startup_stm32f411xe.o(.text)
    EXTI9_5_IRQHandler                       0x080001cb   Thumb Code     0  startup_stm32f411xe.o(.text)
    FLASH_IRQHandler                         0x080001cb   Thumb Code     0  startup_stm32f411xe.o(.text)
    FPU_IRQHandler                           0x080001cb   Thumb Code     0  startup_stm32f411xe.o(.text)
    I2C1_ER_IRQHandler                       0x080001cb   Thumb Code     0  startup_stm32f411xe.o(.text)
    I2C2_ER_IRQHandler                       0x080001cb   Thumb Code     0  startup_stm32f411xe.o(.text)
    I2C2_EV_IRQHandler                       0x080001cb   Thumb Code     0  startup_stm32f411xe.o(.text)
    I2C3_ER_IRQHandler                       0x080001cb   Thumb Code     0  startup_stm32f411xe.o(.text)
    I2C3_EV_IRQHandler                       0x080001cb   Thumb Code     0  startup_stm32f411xe.o(.text)
    OTG_FS_IRQHandler                        0x080001cb   Thumb Code     0  startup_stm32f411xe.o(.text)
    OTG_FS_WKUP_IRQHandler                   0x080001cb   Thumb Code     0  startup_stm32f411xe.o(.text)
    PVD_IRQHandler                           0x080001cb   Thumb Code     0  startup_stm32f411xe.o(.text)
    RCC_IRQHandler                           0x080001cb   Thumb Code     0  startup_stm32f411xe.o(.text)
    RTC_Alarm_IRQHandler                     0x080001cb   Thumb Code     0  startup_stm32f411xe.o(.text)
    RTC_WKUP_IRQHandler                      0x080001cb   Thumb Code     0  startup_stm32f411xe.o(.text)
    SDIO_IRQHandler                          0x080001cb   Thumb Code     0  startup_stm32f411xe.o(.text)
    SPI1_IRQHandler                          0x080001cb   Thumb Code     0  startup_stm32f411xe.o(.text)
    SPI2_IRQHandler                          0x080001cb   Thumb Code     0  startup_stm32f411xe.o(.text)
    SPI3_IRQHandler                          0x080001cb   Thumb Code     0  startup_stm32f411xe.o(.text)
    SPI4_IRQHandler                          0x080001cb   Thumb Code     0  startup_stm32f411xe.o(.text)
    SPI5_IRQHandler                          0x080001cb   Thumb Code     0  startup_stm32f411xe.o(.text)
    TAMP_STAMP_IRQHandler                    0x080001cb   Thumb Code     0  startup_stm32f411xe.o(.text)
    TIM1_BRK_TIM9_IRQHandler                 0x080001cb   Thumb Code     0  startup_stm32f411xe.o(.text)
    TIM1_CC_IRQHandler                       0x080001cb   Thumb Code     0  startup_stm32f411xe.o(.text)
    TIM1_TRG_COM_TIM11_IRQHandler            0x080001cb   Thumb Code     0  startup_stm32f411xe.o(.text)
    TIM1_UP_TIM10_IRQHandler                 0x080001cb   Thumb Code     0  startup_stm32f411xe.o(.text)
    TIM2_IRQHandler                          0x080001cb   Thumb Code     0  startup_stm32f411xe.o(.text)
    TIM3_IRQHandler                          0x080001cb   Thumb Code     0  startup_stm32f411xe.o(.text)
    TIM4_IRQHandler                          0x080001cb   Thumb Code     0  startup_stm32f411xe.o(.text)
    TIM5_IRQHandler                          0x080001cb   Thumb Code     0  startup_stm32f411xe.o(.text)
    USART1_IRQHandler                        0x080001cb   Thumb Code     0  startup_stm32f411xe.o(.text)
    USART2_IRQHandler                        0x080001cb   Thumb Code     0  startup_stm32f411xe.o(.text)
    WWDG_IRQHandler                          0x080001cb   Thumb Code     0  startup_stm32f411xe.o(.text)
    __aeabi_uldivmod                         0x080001d5   Thumb Code    98  uldiv.o(.text)
    __aeabi_memcpy                           0x08000237   Thumb Code    36  memcpya.o(.text)
    __aeabi_memcpy4                          0x08000237   Thumb Code     0  memcpya.o(.text)
    __aeabi_memcpy8                          0x08000237   Thumb Code     0  memcpya.o(.text)
    __aeabi_memset                           0x0800025b   Thumb Code    14  memseta.o(.text)
    __aeabi_memset4                          0x0800025b   Thumb Code     0  memseta.o(.text)
    __aeabi_memset8                          0x0800025b   Thumb Code     0  memseta.o(.text)
    __aeabi_memclr                           0x08000269   Thumb Code     4  memseta.o(.text)
    __aeabi_memclr4                          0x08000269   Thumb Code     0  memseta.o(.text)
    __aeabi_memclr8                          0x08000269   Thumb Code     0  memseta.o(.text)
    _memset$wrapper                          0x0800026d   Thumb Code    18  memseta.o(.text)
    __aeabi_uidiv                            0x0800027f   Thumb Code     0  uidiv.o(.text)
    __aeabi_uidivmod                         0x0800027f   Thumb Code    44  uidiv.o(.text)
    __aeabi_llsl                             0x080002ab   Thumb Code    30  llshl.o(.text)
    _ll_shift_l                              0x080002ab   Thumb Code     0  llshl.o(.text)
    __aeabi_llsr                             0x080002c9   Thumb Code    32  llushr.o(.text)
    _ll_ushift_r                             0x080002c9   Thumb Code     0  llushr.o(.text)
    __scatterload                            0x080002e9   Thumb Code    28  init.o(.text)
    __scatterload_rt2                        0x080002e9   Thumb Code     0  init.o(.text)
    __decompress                             0x0800030d   Thumb Code     0  __dclz77c.o(.text)
    __decompress2                            0x0800030d   Thumb Code    94  __dclz77c.o(.text)
    BusFault_Handler                         0x0800036b   Thumb Code     4  stm32f4xx_it.o(i.BusFault_Handler)
    DMA1_Stream6_IRQHandler                  0x08000371   Thumb Code    10  stm32f4xx_it.o(i.DMA1_Stream6_IRQHandler)
    DebugMon_Handler                         0x0800048b   Thumb Code     2  stm32f4xx_it.o(i.DebugMon_Handler)
    Error_Handler                            0x0800048d   Thumb Code     6  main.o(i.Error_Handler)
    Garl_Handler                             0x08000493   Thumb Code    20  garl.o(i.Garl_Handler)
    Garl_Turn_All_Off                        0x080004a7   Thumb Code    12  garl.o(i.Garl_Turn_All_Off)
    Garl_Turn_All_On                         0x080004b3   Thumb Code    12  garl.o(i.Garl_Turn_All_On)
    Garl_Turn_Back_Off                       0x080004bf   Thumb Code    22  garl.o(i.Garl_Turn_Back_Off)
    Garl_Turn_Back_On                        0x080004d5   Thumb Code    22  garl.o(i.Garl_Turn_Back_On)
    Garl_Turn_Front_Off                      0x080004eb   Thumb Code    22  garl.o(i.Garl_Turn_Front_Off)
    Garl_Turn_Front_On                       0x08000501   Thumb Code    22  garl.o(i.Garl_Turn_Front_On)
    Garl_Turn_Off                            0x08000519   Thumb Code     8  garl.o(i.Garl_Turn_Off)
    Garl_Turn_On                             0x08000525   Thumb Code     8  garl.o(i.Garl_Turn_On)
    Garl_init                                0x08000531   Thumb Code   388  garl.o(i.Garl_init)
    HAL_DMA_Abort_IT                         0x080006c9   Thumb Code    40  stm32f4xx_hal_dma.o(i.HAL_DMA_Abort_IT)
    HAL_DMA_GetState                         0x080006f1   Thumb Code     8  stm32f4xx_hal_dma.o(i.HAL_DMA_GetState)
    HAL_DMA_IRQHandler                       0x080006f9   Thumb Code   570  stm32f4xx_hal_dma.o(i.HAL_DMA_IRQHandler)
    HAL_DMA_Init                             0x08000939   Thumb Code   232  stm32f4xx_hal_dma.o(i.HAL_DMA_Init)
    HAL_DMA_Start_IT                         0x08000a25   Thumb Code   146  stm32f4xx_hal_dma.o(i.HAL_DMA_Start_IT)
    HAL_Delay                                0x08000ab9   Thumb Code    36  stm32f4xx_hal.o(i.HAL_Delay)
    HAL_GPIO_Init                            0x08000ae1   Thumb Code   436  stm32f4xx_hal_gpio.o(i.HAL_GPIO_Init)
    HAL_GPIO_ReadPin                         0x08000cb5   Thumb Code    16  stm32f4xx_hal_gpio.o(i.HAL_GPIO_ReadPin)
    HAL_GPIO_WritePin                        0x08000cc5   Thumb Code    12  stm32f4xx_hal_gpio.o(i.HAL_GPIO_WritePin)
    HAL_GetTick                              0x08000cd1   Thumb Code     6  stm32f4xx_hal.o(i.HAL_GetTick)
    HAL_I2C_AbortCpltCallback                0x08000cdd   Thumb Code     2  stm32f4xx_hal_i2c.o(i.HAL_I2C_AbortCpltCallback)
    HAL_I2C_AddrCallback                     0x08000cdf   Thumb Code     2  stm32f4xx_hal_i2c.o(i.HAL_I2C_AddrCallback)
    HAL_I2C_EV_IRQHandler                    0x08000ce1   Thumb Code   468  stm32f4xx_hal_i2c.o(i.HAL_I2C_EV_IRQHandler)
    HAL_I2C_ErrorCallback                    0x08000eb5   Thumb Code     2  stm32f4xx_hal_i2c.o(i.HAL_I2C_ErrorCallback)
    HAL_I2C_Init                             0x08000eb9   Thumb Code   446  stm32f4xx_hal_i2c.o(i.HAL_I2C_Init)
    HAL_I2C_ListenCpltCallback               0x08001089   Thumb Code     2  stm32f4xx_hal_i2c.o(i.HAL_I2C_ListenCpltCallback)
    HAL_I2C_MasterRxCpltCallback             0x0800108b   Thumb Code     2  stm32f4xx_hal_i2c.o(i.HAL_I2C_MasterRxCpltCallback)
    HAL_I2C_MasterTxCpltCallback             0x0800108d   Thumb Code     2  stm32f4xx_hal_i2c.o(i.HAL_I2C_MasterTxCpltCallback)
    HAL_I2C_MemRxCpltCallback                0x0800108f   Thumb Code     2  stm32f4xx_hal_i2c.o(i.HAL_I2C_MemRxCpltCallback)
    HAL_I2C_MemTxCpltCallback                0x08001091   Thumb Code     2  stm32f4xx_hal_i2c.o(i.HAL_I2C_MemTxCpltCallback)
    HAL_I2C_Mem_Write                        0x08001095   Thumb Code   348  stm32f4xx_hal_i2c.o(i.HAL_I2C_Mem_Write)
    HAL_I2C_MspInit                          0x080011f9   Thumb Code   138  stm32f4xx_hal_msp.o(i.HAL_I2C_MspInit)
    HAL_I2C_SlaveRxCpltCallback              0x08001291   Thumb Code     2  stm32f4xx_hal_i2c.o(i.HAL_I2C_SlaveRxCpltCallback)
    HAL_I2C_SlaveTxCpltCallback              0x08001293   Thumb Code     2  stm32f4xx_hal_i2c.o(i.HAL_I2C_SlaveTxCpltCallback)
    HAL_IncTick                              0x08001295   Thumb Code    16  stm32f4xx_hal.o(i.HAL_IncTick)
    HAL_Init                                 0x080012ad   Thumb Code    54  stm32f4xx_hal.o(i.HAL_Init)
    HAL_InitTick                             0x080012e9   Thumb Code    64  stm32f4xx_hal.o(i.HAL_InitTick)
    HAL_MspInit                              0x08001335   Thumb Code    68  stm32f4xx_hal_msp.o(i.HAL_MspInit)
    HAL_NVIC_EnableIRQ                       0x0800137d   Thumb Code    32  stm32f4xx_hal_cortex.o(i.HAL_NVIC_EnableIRQ)
    HAL_NVIC_SetPriority                     0x0800139d   Thumb Code   124  stm32f4xx_hal_cortex.o(i.HAL_NVIC_SetPriority)
    HAL_NVIC_SetPriorityGrouping             0x08001419   Thumb Code    32  stm32f4xx_hal_cortex.o(i.HAL_NVIC_SetPriorityGrouping)
    HAL_RCC_ClockConfig                      0x08001441   Thumb Code   368  stm32f4xx_hal_rcc.o(i.HAL_RCC_ClockConfig)
    HAL_RCC_GetHCLKFreq                      0x080015c5   Thumb Code     6  stm32f4xx_hal_rcc.o(i.HAL_RCC_GetHCLKFreq)
    HAL_RCC_GetPCLK1Freq                     0x080015d1   Thumb Code    22  stm32f4xx_hal_rcc.o(i.HAL_RCC_GetPCLK1Freq)
    HAL_RCC_GetPCLK2Freq                     0x080015f1   Thumb Code    22  stm32f4xx_hal_rcc.o(i.HAL_RCC_GetPCLK2Freq)
    HAL_RCC_GetSysClockFreq                  0x08001611   Thumb Code   162  stm32f4xx_hal_rcc.o(i.HAL_RCC_GetSysClockFreq)
    HAL_RCC_OscConfig                        0x080016c1   Thumb Code  1152  stm32f4xx_hal_rcc.o(i.HAL_RCC_OscConfig)
    HAL_SYSTICK_Config                       0x08001b49   Thumb Code    52  stm32f4xx_hal_cortex.o(i.HAL_SYSTICK_Config)
    HAL_TIMEx_MasterConfigSynchronization    0x08001b7d   Thumb Code   134  stm32f4xx_hal_tim_ex.o(i.HAL_TIMEx_MasterConfigSynchronization)
    HAL_TIM_Base_Init                        0x08001c19   Thumb Code    52  stm32f4xx_hal_tim.o(i.HAL_TIM_Base_Init)
    HAL_TIM_Base_MspInit                     0x08001c4d   Thumb Code   122  stm32f4xx_hal_msp.o(i.HAL_TIM_Base_MspInit)
    HAL_TIM_ConfigClockSource                0x08001cd5   Thumb Code   264  stm32f4xx_hal_tim.o(i.HAL_TIM_ConfigClockSource)
    HAL_TIM_Encoder_Init                     0x08001ddd   Thumb Code   174  stm32f4xx_hal_tim.o(i.HAL_TIM_Encoder_Init)
    HAL_TIM_Encoder_MspInit                  0x08001e8d   Thumb Code   122  stm32f4xx_hal_msp.o(i.HAL_TIM_Encoder_MspInit)
    HAL_TIM_Encoder_Start_IT                 0x08001f15   Thumb Code   126  stm32f4xx_hal_tim.o(i.HAL_TIM_Encoder_Start_IT)
    HAL_TIM_ErrorCallback                    0x08001f93   Thumb Code     2  stm32f4xx_hal_tim.o(i.HAL_TIM_ErrorCallback)
    HAL_TIM_MspPostInit                      0x08001f95   Thumb Code    82  stm32f4xx_hal_msp.o(i.HAL_TIM_MspPostInit)
    HAL_TIM_PWM_ConfigChannel                0x08001ff1   Thumb Code   264  stm32f4xx_hal_tim.o(i.HAL_TIM_PWM_ConfigChannel)
    HAL_TIM_PWM_Init                         0x080020f9   Thumb Code    52  stm32f4xx_hal_tim.o(i.HAL_TIM_PWM_Init)
    HAL_TIM_PWM_MspInit                      0x0800212d   Thumb Code     2  stm32f4xx_hal_tim.o(i.HAL_TIM_PWM_MspInit)
    HAL_TIM_PWM_PulseFinishedCallback        0x08002131   Thumb Code    14  main.o(i.HAL_TIM_PWM_PulseFinishedCallback)
    HAL_TIM_PWM_PulseFinishedHalfCpltCallback 0x08002145   Thumb Code     2  stm32f4xx_hal_tim.o(i.HAL_TIM_PWM_PulseFinishedHalfCpltCallback)
    HAL_TIM_PWM_Start_DMA                    0x08002149   Thumb Code   348  stm32f4xx_hal_tim.o(i.HAL_TIM_PWM_Start_DMA)
    HAL_TIM_PWM_Stop_DMA                     0x080022b5   Thumb Code   218  stm32f4xx_hal_tim.o(i.HAL_TIM_PWM_Stop_DMA)
    HAL_UART_ErrorCallback                   0x08002395   Thumb Code     2  main.o(i.HAL_UART_ErrorCallback)
    HAL_UART_IRQHandler                      0x08002399   Thumb Code   336  stm32f4xx_hal_uart.o(i.HAL_UART_IRQHandler)
    HAL_UART_Init                            0x080024ed   Thumb Code   114  stm32f4xx_hal_uart.o(i.HAL_UART_Init)
    HAL_UART_MspInit                         0x08002561   Thumb Code   140  stm32f4xx_hal_msp.o(i.HAL_UART_MspInit)
    HAL_UART_RxCpltCallback                  0x080025f9   Thumb Code     2  main.o(i.HAL_UART_RxCpltCallback)
    HAL_UART_TxCpltCallback                  0x080025fb   Thumb Code     2  stm32f4xx_hal_uart.o(i.HAL_UART_TxCpltCallback)
    HardFault_Handler                        0x080025fd   Thumb Code    64  stm32f4xx_it.o(i.HardFault_Handler)
    I2C1_EV_IRQHandler                       0x08002645   Thumb Code    10  stm32f4xx_it.o(i.I2C1_EV_IRQHandler)
    MemManage_Handler                        0x08003921   Thumb Code     4  stm32f4xx_it.o(i.MemManage_Handler)
    NMI_Handler                              0x08003925   Thumb Code     4  stm32f4xx_it.o(i.NMI_Handler)
    PendSV_Handler                           0x08003929   Thumb Code     2  stm32f4xx_it.o(i.PendSV_Handler)
    SVC_Handler                              0x0800392b   Thumb Code     2  stm32f4xx_it.o(i.SVC_Handler)
    SysTick_Handler                          0x0800392d   Thumb Code     8  stm32f4xx_it.o(i.SysTick_Handler)
    SystemClock_Config                       0x08003935   Thumb Code   168  main.o(i.SystemClock_Config)
    SystemCoreClockUpdate                    0x080039e5   Thumb Code   170  system_stm32f4xx.o(i.SystemCoreClockUpdate)
    SystemInit                               0x08003aa5   Thumb Code    24  system_stm32f4xx.o(i.SystemInit)
    TIM_Base_SetConfig                       0x08003ac1   Thumb Code   134  stm32f4xx_hal_tim.o(i.TIM_Base_SetConfig)
    TIM_CCxChannelCmd                        0x08003b65   Thumb Code    34  stm32f4xx_hal_tim.o(i.TIM_CCxChannelCmd)
    TIM_DMADelayPulseCplt                    0x08003b87   Thumb Code    70  stm32f4xx_hal_tim.o(i.TIM_DMADelayPulseCplt)
    TIM_DMADelayPulseHalfCplt                0x08003bcd   Thumb Code    70  stm32f4xx_hal_tim.o(i.TIM_DMADelayPulseHalfCplt)
    TIM_DMAError                             0x08003c13   Thumb Code    20  stm32f4xx_hal_tim.o(i.TIM_DMAError)
    TIM_ETR_SetConfig                        0x08003c27   Thumb Code    22  stm32f4xx_hal_tim.o(i.TIM_ETR_SetConfig)
    TIM_OC2_SetConfig                        0x08003cb1   Thumb Code   100  stm32f4xx_hal_tim.o(i.TIM_OC2_SetConfig)
    USART6_IRQHandler                        0x08004361   Thumb Code    88  stm32f4xx_it.o(i.USART6_IRQHandler)
    UsageFault_Handler                       0x080043c1   Thumb Code     4  stm32f4xx_it.o(i.UsageFault_Handler)
    __0sprintf$1                             0x080043c5   Thumb Code    34  printf1.o(i.__0sprintf$1)
    __1sprintf$1                             0x080043c5   Thumb Code     0  printf1.o(i.__0sprintf$1)
    __2sprintf                               0x080043c5   Thumb Code     0  printf1.o(i.__0sprintf$1)
    __scatterload_copy                       0x08004425   Thumb Code    14  handlers.o(i.__scatterload_copy)
    __scatterload_null                       0x08004433   Thumb Code     2  handlers.o(i.__scatterload_null)
    __scatterload_zeroinit                   0x08004435   Thumb Code    14  handlers.o(i.__scatterload_zeroinit)
    bluetooth_CommandsHandler                0x080045a5   Thumb Code    64  bluetooth.o(i.bluetooth_CommandsHandler)
    bluetooth_IRQHandler                     0x080045ed   Thumb Code    34  bluetooth.o(i.bluetooth_IRQHandler)
    bluetooth_Init                           0x0800461d   Thumb Code    12  bluetooth.o(i.bluetooth_Init)
    build_frame                              0x08004631   Thumb Code    46  bluetooth.o(i.build_frame)
    buttonHandler                            0x08004669   Thumb Code    84  menu.o(i.buttonHandler)
    bytes_to_process                         0x080046cd   Thumb Code    46  bluetooth.o(i.bytes_to_process)
    check_frame                              0x08004709   Thumb Code    46  bluetooth.o(i.check_frame)
    check_sum                                0x08004737   Thumb Code    28  bluetooth.o(i.check_sum)
    colorMode_handler                        0x08004755   Thumb Code   130  garl.o(i.colorMode_handler)
    hsv_to_rgb                               0x080047e9   Thumb Code   182  colors.o(i.hsv_to_rgb)
    main                                     0x080048a1   Thumb Code   254  main.o(i.main)
    menuDrawHandler                          0x080049b1   Thumb Code   450  menu.o(i.menuDrawHandler)
    menuHandler                              0x08004b95   Thumb Code    20  menu.o(i.menuHandler)
    menuInputHandler                         0x08004ba9   Thumb Code   180  menu.o(i.menuInputHandler)
    menu_init                                0x08004c79   Thumb Code    60  menu.o(i.menu_init)
    nextLine                                 0x08004cd1   Thumb Code   138  menu.o(i.nextLine)
    operatingMode_handler                    0x08004d71   Thumb Code   186  garl.o(i.operatingMode_handler)
    page1_Draw                               0x08004e31   Thumb Code   414  menu.o(i.page1_Draw)
    page2_Draw                               0x08005041   Thumb Code     2  menu.o(i.page2_Draw)
    page3_Draw                               0x08005043   Thumb Code     2  menu.o(i.page3_Draw)
    page4_Draw                               0x08005045   Thumb Code     2  menu.o(i.page4_Draw)
    page5_Draw                               0x08005047   Thumb Code     2  menu.o(i.page5_Draw)
    page6_Draw                               0x08005049   Thumb Code     2  menu.o(i.page6_Draw)
    process_frame                            0x0800504d   Thumb Code    92  bluetooth.o(i.process_frame)
    set_garl_color                           0x080050bd   Thumb Code   356  garl.o(i.set_garl_color)
    showSplashScreen                         0x0800523d   Thumb Code    88  menu.o(i.showSplashScreen)
    splashScreen                             0x080052b1   Thumb Code    98  menu.o(i.splashScreen)
    ssd1306_CopyToBuffer                     0x0800531d   Thumb Code    18  ssd1306.o(i.ssd1306_CopyToBuffer)
    ssd1306_DrawPixel                        0x08005335   Thumb Code    80  ssd1306.o(i.ssd1306_DrawPixel)
    ssd1306_Fill                             0x08005389   Thumb Code    32  ssd1306.o(i.ssd1306_Fill)
    ssd1306_Init                             0x080053ad   Thumb Code   142  ssd1306.o(i.ssd1306_Init)
    ssd1306_SetContrast                      0x08005479   Thumb Code    26  ssd1306.o(i.ssd1306_SetContrast)
    ssd1306_SetCursor                        0x08005499   Thumb Code     8  ssd1306.o(i.ssd1306_SetCursor)
    ssd1306_UpdateScreen                     0x080054a5   Thumb Code    28  ssd1306.o(i.ssd1306_UpdateScreen)
    ssd1306_WriteChar                        0x080054c5   Thumb Code   180  ssd1306.o(i.ssd1306_WriteChar)
    ssd1306_WriteInt                         0x0800557d   Thumb Code   148  ssd1306.o(i.ssd1306_WriteInt)
    ssd1306_WriteString                      0x08005611   Thumb Code    34  ssd1306.o(i.ssd1306_WriteString)
    turn_on_off_handler                      0x08005635   Thumb Code   238  garl.o(i.turn_on_off_handler)
    uartHandler                              0x0800573d   Thumb Code     2  menu.o(i.uartHandler)
    ws2812_init                              0x08005741   Thumb Code    68  ws2812.o(i.ws2812_init)
    ws2812_light                             0x08005795   Thumb Code    18  ws2812.o(i.ws2812_light)
    ws2812_pixel_rgb_to_buf_dma              0x080057b1   Thumb Code   264  ws2812.o(i.ws2812_pixel_rgb_to_buf_dma)
    AHBPrescTable                            0x08005e5e   Data          16  system_stm32f4xx.o(.constdata)
    APBPrescTable                            0x08005e6e   Data           8  system_stm32f4xx.o(.constdata)
    Region$$Table$$Base                      0x08005e78   Number         0  anon$$obj.o(Region$$Table)
    Region$$Table$$Limit                     0x08005e98   Number         0  anon$$obj.o(Region$$Table)
    parameters_names                         0x20000000   Data         312  menu.o(.data)
    max_value                                0x20000138   Data          48  menu.o(.data)
    splash_screen_1                          0x20000168   Data        1024  menu.o(.data)
    splash_screen_2                          0x20000568   Data        1024  menu.o(.data)
    settings_wheel_1                         0x20000968   Data        1024  menu.o(.data)
    settings_wheel_2                         0x20000d68   Data        1024  menu.o(.data)
    update_screen                            0x20001168   Data           1  menu.o(.data)
    prev_tim_val                             0x2000116a   Data           2  menu.o(.data)
    last_changes_time                        0x2000116c   Data           4  menu.o(.data)
    time_irq                                 0x20001170   Data           4  menu.o(.data)
    hold_time                                0x20001174   Data           4  menu.o(.data)
    name_1                                   0x20001178   Data           6  menu.o(.data)
    name_2                                   0x2000117e   Data           6  menu.o(.data)
    name_3                                   0x20001184   Data           3  menu.o(.data)
    x_name_1                                 0x20001187   Data           1  menu.o(.data)
    x_name_2                                 0x20001188   Data           1  menu.o(.data)
    x_name_3                                 0x20001189   Data           1  menu.o(.data)
    font_color                               0x2000118a   Data           1  menu.o(.data)
    Font_7x9                                 0x2000118c   Data          12  fonts.o(.data)
    result_color                             0x200011a4   Data           6  garl.o(.data)
    hsv_color_rainbow                        0x200011aa   Data           2  garl.o(.data)
    rainbow_offset                           0x200011ac   Data           2  garl.o(.data)
    current_led                              0x200011ae   Data           6  garl.o(.data)
    state                                    0x200011b4   Data           6  garl.o(.data)
    current_hue                              0x200011ba   Data           2  garl.o(.data)
    tmp_hsv_color                            0x200011bc   Data           6  garl.o(.data)
    current_read_byte                        0x200011c2   Data           2  bluetooth.o(.data)
    current_process_byte                     0x200011c4   Data           2  bluetooth.o(.data)
    _difference                              0x200011c6   Data           2  bluetooth.o(.data)
    frame                                    0x200011c8   Data           7  bluetooth.o(.data)
    uwTick                                   0x200011d0   Data           4  stm32f4xx_hal.o(.data)
    uwTickPrio                               0x200011d4   Data           4  stm32f4xx_hal.o(.data)
    uwTickFreq                               0x200011d8   Data           1  stm32f4xx_hal.o(.data)
    SystemCoreClock                          0x200011dc   Data           4  system_stm32f4xx.o(.data)
    BUF_DMA                                  0x200011e0   Data       14592  ws2812.o(.bss)
    Settings                                 0x20004f40   Data        1024  settings.o(.bss)
    light_brightness                         0x20005340   Data         300  garl.o(.bss)
    hi2c1                                    0x2000546c   Data          84  main.o(.bss)
    htim1                                    0x200054c0   Data          64  main.o(.bss)
    htim2                                    0x20005500   Data          64  main.o(.bss)
    hdma_tim2_ch2_ch4                        0x20005540   Data          96  main.o(.bss)
    huart6                                   0x200055a0   Data          64  main.o(.bss)
    bt_buffer                                0x200055e0   Data          20  bluetooth.o(.bss)
    __initial_sp                             0x200059f8   Data           0  startup_stm32f411xe.o(STACK)



==============================================================================

Memory Map of the image

  Image Entry point : 0x08000199

  Load Region LR_IROM1 (Base: 0x08000000, Size: 0x00007078, Max: 0x00080000, ABSOLUTE, COMPRESSED[0x00006238])

    Execution Region ER_IROM1 (Exec base: 0x08000000, Load base: 0x08000000, Size: 0x00005e98, Max: 0x00080000, ABSOLUTE)

    Exec Addr    Load Addr    Size         Type   Attr      Idx    E Section Name        Object

    0x08000000   0x08000000   0x00000198   Data   RO            3    RESET               startup_stm32f411xe.o
    0x08000198   0x08000198   0x00000000   Code   RO         4008  * .ARM.Collect$$$$00000000  mc_w.l(entry.o)
    0x08000198   0x08000198   0x00000004   Code   RO         4280    .ARM.Collect$$$$00000001  mc_w.l(entry2.o)
    0x0800019c   0x0800019c   0x00000004   Code   RO         4283    .ARM.Collect$$$$00000004  mc_w.l(entry5.o)
    0x080001a0   0x080001a0   0x00000000   Code   RO         4285    .ARM.Collect$$$$00000008  mc_w.l(entry7b.o)
    0x080001a0   0x080001a0   0x00000000   Code   RO         4287    .ARM.Collect$$$$0000000A  mc_w.l(entry8b.o)
    0x080001a0   0x080001a0   0x00000008   Code   RO         4288    .ARM.Collect$$$$0000000B  mc_w.l(entry9a.o)
    0x080001a8   0x080001a8   0x00000004   Code   RO         4295    .ARM.Collect$$$$0000000E  mc_w.l(entry12b.o)
    0x080001ac   0x080001ac   0x00000000   Code   RO         4290    .ARM.Collect$$$$0000000F  mc_w.l(entry10a.o)
    0x080001ac   0x080001ac   0x00000000   Code   RO         4292    .ARM.Collect$$$$00000011  mc_w.l(entry11a.o)
    0x080001ac   0x080001ac   0x00000004   Code   RO         4281    .ARM.Collect$$$$00002712  mc_w.l(entry2.o)
    0x080001b0   0x080001b0   0x00000024   Code   RO            4    .text               startup_stm32f411xe.o
    0x080001d4   0x080001d4   0x00000062   Code   RO         4011    .text               mc_w.l(uldiv.o)
    0x08000236   0x08000236   0x00000024   Code   RO         4013    .text               mc_w.l(memcpya.o)
    0x0800025a   0x0800025a   0x00000024   Code   RO         4015    .text               mc_w.l(memseta.o)
    0x0800027e   0x0800027e   0x0000002c   Code   RO         4299    .text               mc_w.l(uidiv.o)
    0x080002aa   0x080002aa   0x0000001e   Code   RO         4301    .text               mc_w.l(llshl.o)
    0x080002c8   0x080002c8   0x00000020   Code   RO         4303    .text               mc_w.l(llushr.o)
    0x080002e8   0x080002e8   0x00000024   Code   RO         4316    .text               mc_w.l(init.o)
    0x0800030c   0x0800030c   0x0000005e   Code   RO         4332    .text               mc_w.l(__dclz77c.o)
    0x0800036a   0x0800036a   0x00000004   Code   RO          677    i.BusFault_Handler  stm32f4xx_it.o
    0x0800036e   0x0800036e   0x00000002   PAD
    0x08000370   0x08000370   0x00000010   Code   RO          678    i.DMA1_Stream6_IRQHandler  stm32f4xx_it.o
    0x08000380   0x08000380   0x00000034   Code   RO         2002    i.DMA_CalcBaseAndBitshift  stm32f4xx_hal_dma.o
    0x080003b4   0x080003b4   0x000000aa   Code   RO         2003    i.DMA_CheckFifoParam  stm32f4xx_hal_dma.o
    0x0800045e   0x0800045e   0x0000002c   Code   RO         2004    i.DMA_SetConfig     stm32f4xx_hal_dma.o
    0x0800048a   0x0800048a   0x00000002   Code   RO          679    i.DebugMon_Handler  stm32f4xx_it.o
    0x0800048c   0x0800048c   0x00000006   Code   RO          574    i.Error_Handler     main.o
    0x08000492   0x08000492   0x00000014   Code   RO          468    i.Garl_Handler      garl.o
    0x080004a6   0x080004a6   0x0000000c   Code   RO          469    i.Garl_Turn_All_Off  garl.o
    0x080004b2   0x080004b2   0x0000000c   Code   RO          470    i.Garl_Turn_All_On  garl.o
    0x080004be   0x080004be   0x00000016   Code   RO          471    i.Garl_Turn_Back_Off  garl.o
    0x080004d4   0x080004d4   0x00000016   Code   RO          472    i.Garl_Turn_Back_On  garl.o
    0x080004ea   0x080004ea   0x00000016   Code   RO          473    i.Garl_Turn_Front_Off  garl.o
    0x08000500   0x08000500   0x00000016   Code   RO          474    i.Garl_Turn_Front_On  garl.o
    0x08000516   0x08000516   0x00000002   PAD
    0x08000518   0x08000518   0x0000000c   Code   RO          475    i.Garl_Turn_Off     garl.o
    0x08000524   0x08000524   0x0000000c   Code   RO          476    i.Garl_Turn_On      garl.o
    0x08000530   0x08000530   0x00000198   Code   RO          477    i.Garl_init         garl.o
    0x080006c8   0x080006c8   0x00000028   Code   RO         2006    i.HAL_DMA_Abort_IT  stm32f4xx_hal_dma.o
    0x080006f0   0x080006f0   0x00000008   Code   RO         2009    i.HAL_DMA_GetState  stm32f4xx_hal_dma.o
    0x080006f8   0x080006f8   0x00000240   Code   RO         2010    i.HAL_DMA_IRQHandler  stm32f4xx_hal_dma.o
    0x08000938   0x08000938   0x000000ec   Code   RO         2011    i.HAL_DMA_Init      stm32f4xx_hal_dma.o
    0x08000a24   0x08000a24   0x00000092   Code   RO         2015    i.HAL_DMA_Start_IT  stm32f4xx_hal_dma.o
    0x08000ab6   0x08000ab6   0x00000002   PAD
    0x08000ab8   0x08000ab8   0x00000028   Code   RO         2453    i.HAL_Delay         stm32f4xx_hal.o
    0x08000ae0   0x08000ae0   0x000001d4   Code   RO         1898    i.HAL_GPIO_Init     stm32f4xx_hal_gpio.o
    0x08000cb4   0x08000cb4   0x00000010   Code   RO         1900    i.HAL_GPIO_ReadPin  stm32f4xx_hal_gpio.o
    0x08000cc4   0x08000cc4   0x0000000c   Code   RO         1902    i.HAL_GPIO_WritePin  stm32f4xx_hal_gpio.o
    0x08000cd0   0x08000cd0   0x0000000c   Code   RO         2459    i.HAL_GetTick       stm32f4xx_hal.o
    0x08000cdc   0x08000cdc   0x00000002   Code   RO          932    i.HAL_I2C_AbortCpltCallback  stm32f4xx_hal_i2c.o
    0x08000cde   0x08000cde   0x00000002   Code   RO          933    i.HAL_I2C_AddrCallback  stm32f4xx_hal_i2c.o
    0x08000ce0   0x08000ce0   0x000001d4   Code   RO          937    i.HAL_I2C_EV_IRQHandler  stm32f4xx_hal_i2c.o
    0x08000eb4   0x08000eb4   0x00000002   Code   RO          939    i.HAL_I2C_ErrorCallback  stm32f4xx_hal_i2c.o
    0x08000eb6   0x08000eb6   0x00000002   PAD
    0x08000eb8   0x08000eb8   0x000001d0   Code   RO          943    i.HAL_I2C_Init      stm32f4xx_hal_i2c.o
    0x08001088   0x08001088   0x00000002   Code   RO          945    i.HAL_I2C_ListenCpltCallback  stm32f4xx_hal_i2c.o
    0x0800108a   0x0800108a   0x00000002   Code   RO          946    i.HAL_I2C_MasterRxCpltCallback  stm32f4xx_hal_i2c.o
    0x0800108c   0x0800108c   0x00000002   Code   RO          947    i.HAL_I2C_MasterTxCpltCallback  stm32f4xx_hal_i2c.o
    0x0800108e   0x0800108e   0x00000002   Code   RO          959    i.HAL_I2C_MemRxCpltCallback  stm32f4xx_hal_i2c.o
    0x08001090   0x08001090   0x00000002   Code   RO          960    i.HAL_I2C_MemTxCpltCallback  stm32f4xx_hal_i2c.o
    0x08001092   0x08001092   0x00000002   PAD
    0x08001094   0x08001094   0x00000164   Code   RO          964    i.HAL_I2C_Mem_Write  stm32f4xx_hal_i2c.o
    0x080011f8   0x080011f8   0x00000098   Code   RO          780    i.HAL_I2C_MspInit   stm32f4xx_hal_msp.o
    0x08001290   0x08001290   0x00000002   Code   RO          969    i.HAL_I2C_SlaveRxCpltCallback  stm32f4xx_hal_i2c.o
    0x08001292   0x08001292   0x00000002   Code   RO          970    i.HAL_I2C_SlaveTxCpltCallback  stm32f4xx_hal_i2c.o
    0x08001294   0x08001294   0x00000018   Code   RO         2465    i.HAL_IncTick       stm32f4xx_hal.o
    0x080012ac   0x080012ac   0x0000003c   Code   RO         2466    i.HAL_Init          stm32f4xx_hal.o
    0x080012e8   0x080012e8   0x0000004c   Code   RO         2467    i.HAL_InitTick      stm32f4xx_hal.o
    0x08001334   0x08001334   0x00000048   Code   RO          781    i.HAL_MspInit       stm32f4xx_hal_msp.o
    0x0800137c   0x0800137c   0x00000020   Code   RO         2311    i.HAL_NVIC_EnableIRQ  stm32f4xx_hal_cortex.o
    0x0800139c   0x0800139c   0x0000007c   Code   RO         2317    i.HAL_NVIC_SetPriority  stm32f4xx_hal_cortex.o
    0x08001418   0x08001418   0x00000028   Code   RO         2318    i.HAL_NVIC_SetPriorityGrouping  stm32f4xx_hal_cortex.o
    0x08001440   0x08001440   0x00000184   Code   RO         1435    i.HAL_RCC_ClockConfig  stm32f4xx_hal_rcc.o
    0x080015c4   0x080015c4   0x0000000c   Code   RO         1440    i.HAL_RCC_GetHCLKFreq  stm32f4xx_hal_rcc.o
    0x080015d0   0x080015d0   0x00000020   Code   RO         1442    i.HAL_RCC_GetPCLK1Freq  stm32f4xx_hal_rcc.o
    0x080015f0   0x080015f0   0x00000020   Code   RO         1443    i.HAL_RCC_GetPCLK2Freq  stm32f4xx_hal_rcc.o
    0x08001610   0x08001610   0x000000b0   Code   RO         1444    i.HAL_RCC_GetSysClockFreq  stm32f4xx_hal_rcc.o
    0x080016c0   0x080016c0   0x00000488   Code   RO         1447    i.HAL_RCC_OscConfig  stm32f4xx_hal_rcc.o
    0x08001b48   0x08001b48   0x00000034   Code   RO         2322    i.HAL_SYSTICK_Config  stm32f4xx_hal_cortex.o
    0x08001b7c   0x08001b7c   0x0000009c   Code   RO         3410    i.HAL_TIMEx_MasterConfigSynchronization  stm32f4xx_hal_tim_ex.o
    0x08001c18   0x08001c18   0x00000034   Code   RO         2706    i.HAL_TIM_Base_Init  stm32f4xx_hal_tim.o
    0x08001c4c   0x08001c4c   0x00000088   Code   RO          783    i.HAL_TIM_Base_MspInit  stm32f4xx_hal_msp.o
    0x08001cd4   0x08001cd4   0x00000108   Code   RO         2715    i.HAL_TIM_ConfigClockSource  stm32f4xx_hal_tim.o
    0x08001ddc   0x08001ddc   0x000000ae   Code   RO         2724    i.HAL_TIM_Encoder_Init  stm32f4xx_hal_tim.o
    0x08001e8a   0x08001e8a   0x00000002   PAD
    0x08001e8c   0x08001e8c   0x00000088   Code   RO          785    i.HAL_TIM_Encoder_MspInit  stm32f4xx_hal_msp.o
    0x08001f14   0x08001f14   0x0000007e   Code   RO         2729    i.HAL_TIM_Encoder_Start_IT  stm32f4xx_hal_tim.o
    0x08001f92   0x08001f92   0x00000002   Code   RO         2733    i.HAL_TIM_ErrorCallback  stm32f4xx_hal_tim.o
    0x08001f94   0x08001f94   0x0000005c   Code   RO          786    i.HAL_TIM_MspPostInit  stm32f4xx_hal_msp.o
    0x08001ff0   0x08001ff0   0x00000108   Code   RO         2773    i.HAL_TIM_PWM_ConfigChannel  stm32f4xx_hal_tim.o
    0x080020f8   0x080020f8   0x00000034   Code   RO         2776    i.HAL_TIM_PWM_Init  stm32f4xx_hal_tim.o
    0x0800212c   0x0800212c   0x00000002   Code   RO         2778    i.HAL_TIM_PWM_MspInit  stm32f4xx_hal_tim.o
    0x0800212e   0x0800212e   0x00000002   PAD
    0x08002130   0x08002130   0x00000014   Code   RO          575    i.HAL_TIM_PWM_PulseFinishedCallback  main.o
    0x08002144   0x08002144   0x00000002   Code   RO         2780    i.HAL_TIM_PWM_PulseFinishedHalfCpltCallback  stm32f4xx_hal_tim.o
    0x08002146   0x08002146   0x00000002   PAD
    0x08002148   0x08002148   0x0000016c   Code   RO         2782    i.HAL_TIM_PWM_Start_DMA  stm32f4xx_hal_tim.o
    0x080022b4   0x080022b4   0x000000e0   Code   RO         2785    i.HAL_TIM_PWM_Stop_DMA  stm32f4xx_hal_tim.o
    0x08002394   0x08002394   0x00000002   Code   RO          576    i.HAL_UART_ErrorCallback  main.o
    0x08002396   0x08002396   0x00000002   PAD
    0x08002398   0x08002398   0x00000154   Code   RO         3667    i.HAL_UART_IRQHandler  stm32f4xx_hal_uart.o
    0x080024ec   0x080024ec   0x00000072   Code   RO         3668    i.HAL_UART_Init     stm32f4xx_hal_uart.o
    0x0800255e   0x0800255e   0x00000002   PAD
    0x08002560   0x08002560   0x00000098   Code   RO          788    i.HAL_UART_MspInit  stm32f4xx_hal_msp.o
    0x080025f8   0x080025f8   0x00000002   Code   RO          577    i.HAL_UART_RxCpltCallback  main.o
    0x080025fa   0x080025fa   0x00000002   Code   RO         3679    i.HAL_UART_TxCpltCallback  stm32f4xx_hal_uart.o
    0x080025fc   0x080025fc   0x00000048   Code   RO          680    i.HardFault_Handler  stm32f4xx_it.o
    0x08002644   0x08002644   0x00000010   Code   RO          681    i.I2C1_EV_IRQHandler  stm32f4xx_it.o
    0x08002654   0x08002654   0x0000001c   Code   RO          981    i.I2C_ConvertOtherXferOptions  stm32f4xx_hal_i2c.o
    0x08002670   0x08002670   0x000000f8   Code   RO          982    i.I2C_DMAAbort      stm32f4xx_hal_i2c.o
    0x08002768   0x08002768   0x000001ac   Code   RO          985    i.I2C_ITError       stm32f4xx_hal_i2c.o
    0x08002914   0x08002914   0x0000003e   Code   RO          986    i.I2C_IsAcknowledgeFailed  stm32f4xx_hal_i2c.o
    0x08002952   0x08002952   0x00000126   Code   RO          987    i.I2C_MasterReceive_BTF  stm32f4xx_hal_i2c.o
    0x08002a78   0x08002a78   0x000000e2   Code   RO          988    i.I2C_MasterReceive_RXNE  stm32f4xx_hal_i2c.o
    0x08002b5a   0x08002b5a   0x0000008a   Code   RO          991    i.I2C_MasterTransmit_BTF  stm32f4xx_hal_i2c.o
    0x08002be4   0x08002be4   0x000000d8   Code   RO          992    i.I2C_MasterTransmit_TXE  stm32f4xx_hal_i2c.o
    0x08002cbc   0x08002cbc   0x0000002a   Code   RO          993    i.I2C_Master_ADD10  stm32f4xx_hal_i2c.o
    0x08002ce6   0x08002ce6   0x00000268   Code   RO          994    i.I2C_Master_ADDR   stm32f4xx_hal_i2c.o
    0x08002f4e   0x08002f4e   0x0000009e   Code   RO          995    i.I2C_Master_SB     stm32f4xx_hal_i2c.o
    0x08002fec   0x08002fec   0x000000b8   Code   RO          996    i.I2C_MemoryTransmit_TXE_BTF  stm32f4xx_hal_i2c.o
    0x080030a4   0x080030a4   0x000000e0   Code   RO          998    i.I2C_RequestMemoryWrite  stm32f4xx_hal_i2c.o
    0x08003184   0x08003184   0x0000001a   Code   RO          999    i.I2C_SlaveReceive_BTF  stm32f4xx_hal_i2c.o
    0x0800319e   0x0800319e   0x00000046   Code   RO         1000    i.I2C_SlaveReceive_RXNE  stm32f4xx_hal_i2c.o
    0x080031e4   0x080031e4   0x0000001a   Code   RO         1001    i.I2C_SlaveTransmit_BTF  stm32f4xx_hal_i2c.o
    0x080031fe   0x080031fe   0x00000046   Code   RO         1002    i.I2C_SlaveTransmit_TXE  stm32f4xx_hal_i2c.o
    0x08003244   0x08003244   0x00000066   Code   RO         1003    i.I2C_Slave_ADDR    stm32f4xx_hal_i2c.o
    0x080032aa   0x080032aa   0x00000002   PAD
    0x080032ac   0x080032ac   0x0000018c   Code   RO         1005    i.I2C_Slave_STOPF   stm32f4xx_hal_i2c.o
    0x08003438   0x08003438   0x0000005c   Code   RO         1006    i.I2C_WaitOnBTFFlagUntilTimeout  stm32f4xx_hal_i2c.o
    0x08003494   0x08003494   0x00000086   Code   RO         1007    i.I2C_WaitOnFlagUntilTimeout  stm32f4xx_hal_i2c.o
    0x0800351a   0x0800351a   0x000000c4   Code   RO         1008    i.I2C_WaitOnMasterAddressFlagUntilTimeout  stm32f4xx_hal_i2c.o
    0x080035de   0x080035de   0x00000002   PAD
    0x080035e0   0x080035e0   0x00000050   Code   RO         1011    i.I2C_WaitOnSTOPRequestThroughIT  stm32f4xx_hal_i2c.o
    0x08003630   0x08003630   0x0000005c   Code   RO         1012    i.I2C_WaitOnTXEFlagUntilTimeout  stm32f4xx_hal_i2c.o
    0x0800368c   0x0800368c   0x00000038   Code   RO          578    i.MX_DMA_Init       main.o
    0x080036c4   0x080036c4   0x000000cc   Code   RO          579    i.MX_GPIO_Init      main.o
    0x08003790   0x08003790   0x0000003c   Code   RO          580    i.MX_I2C1_Init      main.o
    0x080037cc   0x080037cc   0x0000007c   Code   RO          581    i.MX_TIM1_Init      main.o
    0x08003848   0x08003848   0x000000a0   Code   RO          582    i.MX_TIM2_Init      main.o
    0x080038e8   0x080038e8   0x00000038   Code   RO          583    i.MX_USART6_UART_Init  main.o
    0x08003920   0x08003920   0x00000004   Code   RO          682    i.MemManage_Handler  stm32f4xx_it.o
    0x08003924   0x08003924   0x00000004   Code   RO          683    i.NMI_Handler       stm32f4xx_it.o
    0x08003928   0x08003928   0x00000002   Code   RO          684    i.PendSV_Handler    stm32f4xx_it.o
    0x0800392a   0x0800392a   0x00000002   Code   RO          685    i.SVC_Handler       stm32f4xx_it.o
    0x0800392c   0x0800392c   0x00000008   Code   RO          686    i.SysTick_Handler   stm32f4xx_it.o
    0x08003934   0x08003934   0x000000b0   Code   RO          584    i.SystemClock_Config  main.o
    0x080039e4   0x080039e4   0x000000c0   Code   RO         3974    i.SystemCoreClockUpdate  system_stm32f4xx.o
    0x08003aa4   0x08003aa4   0x0000001c   Code   RO         3975    i.SystemInit        system_stm32f4xx.o
    0x08003ac0   0x08003ac0   0x000000a4   Code   RO         2794    i.TIM_Base_SetConfig  stm32f4xx_hal_tim.o
    0x08003b64   0x08003b64   0x00000022   Code   RO         2795    i.TIM_CCxChannelCmd  stm32f4xx_hal_tim.o
    0x08003b86   0x08003b86   0x00000046   Code   RO         2798    i.TIM_DMADelayPulseCplt  stm32f4xx_hal_tim.o
    0x08003bcc   0x08003bcc   0x00000046   Code   RO         2799    i.TIM_DMADelayPulseHalfCplt  stm32f4xx_hal_tim.o
    0x08003c12   0x08003c12   0x00000014   Code   RO         2800    i.TIM_DMAError      stm32f4xx_hal_tim.o
    0x08003c26   0x08003c26   0x00000016   Code   RO         2805    i.TIM_ETR_SetConfig  stm32f4xx_hal_tim.o
    0x08003c3c   0x08003c3c   0x00000012   Code   RO         2806    i.TIM_ITRx_SetConfig  stm32f4xx_hal_tim.o
    0x08003c4e   0x08003c4e   0x00000002   PAD
    0x08003c50   0x08003c50   0x00000060   Code   RO         2807    i.TIM_OC1_SetConfig  stm32f4xx_hal_tim.o
    0x08003cb0   0x08003cb0   0x00000068   Code   RO         2808    i.TIM_OC2_SetConfig  stm32f4xx_hal_tim.o
    0x08003d18   0x08003d18   0x00000068   Code   RO         2809    i.TIM_OC3_SetConfig  stm32f4xx_hal_tim.o
    0x08003d80   0x08003d80   0x00000048   Code   RO         2810    i.TIM_OC4_SetConfig  stm32f4xx_hal_tim.o
    0x08003dc8   0x08003dc8   0x00000026   Code   RO         2812    i.TIM_TI1_ConfigInputStage  stm32f4xx_hal_tim.o
    0x08003dee   0x08003dee   0x00000028   Code   RO         2814    i.TIM_TI2_ConfigInputStage  stm32f4xx_hal_tim.o
    0x08003e16   0x08003e16   0x00000014   Code   RO         3681    i.UART_DMAAbortOnError  stm32f4xx_hal_uart.o
    0x08003e2a   0x08003e2a   0x00000020   Code   RO         3691    i.UART_EndRxTransfer  stm32f4xx_hal_uart.o
    0x08003e4a   0x08003e4a   0x00000020   Code   RO         3692    i.UART_EndTransmit_IT  stm32f4xx_hal_uart.o
    0x08003e6a   0x08003e6a   0x000000a6   Code   RO         3694    i.UART_Receive_IT   stm32f4xx_hal_uart.o
    0x08003f10   0x08003f10   0x000003e8   Code   RO         3695    i.UART_SetConfig    stm32f4xx_hal_uart.o
    0x080042f8   0x080042f8   0x00000068   Code   RO         3696    i.UART_Transmit_IT  stm32f4xx_hal_uart.o
    0x08004360   0x08004360   0x00000060   Code   RO          687    i.USART6_IRQHandler  stm32f4xx_it.o
    0x080043c0   0x080043c0   0x00000004   Code   RO          688    i.UsageFault_Handler  stm32f4xx_it.o
    0x080043c4   0x080043c4   0x00000028   Code   RO         4066    i.__0sprintf$1      mc_w.l(printf1.o)
    0x080043ec   0x080043ec   0x00000010   Code   RO         2324    i.__NVIC_GetPriorityGrouping  stm32f4xx_hal_cortex.o
    0x080043fc   0x080043fc   0x00000028   Code   RO         2325    i.__NVIC_SetPriority  stm32f4xx_hal_cortex.o
    0x08004424   0x08004424   0x0000000e   Code   RO         4326    i.__scatterload_copy  mc_w.l(handlers.o)
    0x08004432   0x08004432   0x00000002   Code   RO         4327    i.__scatterload_null  mc_w.l(handlers.o)
    0x08004434   0x08004434   0x0000000e   Code   RO         4328    i.__scatterload_zeroinit  mc_w.l(handlers.o)
    0x08004442   0x08004442   0x00000002   PAD
    0x08004444   0x08004444   0x00000154   Code   RO         4071    i._printf_core      mc_w.l(printf1.o)
    0x08004598   0x08004598   0x0000000a   Code   RO         4073    i._sputc            mc_w.l(printf1.o)
    0x080045a2   0x080045a2   0x00000002   PAD
    0x080045a4   0x080045a4   0x00000048   Code   RO          858    i.bluetooth_CommandsHandler  bluetooth.o
    0x080045ec   0x080045ec   0x00000030   Code   RO          859    i.bluetooth_IRQHandler  bluetooth.o
    0x0800461c   0x0800461c   0x00000014   Code   RO          860    i.bluetooth_Init    bluetooth.o
    0x08004630   0x08004630   0x00000038   Code   RO          861    i.build_frame       bluetooth.o
    0x08004668   0x08004668   0x00000064   Code   RO          180    i.buttonHandler     menu.o
    0x080046cc   0x080046cc   0x0000003c   Code   RO          862    i.bytes_to_process  bluetooth.o
    0x08004708   0x08004708   0x0000002e   Code   RO          863    i.check_frame       bluetooth.o
    0x08004736   0x08004736   0x0000001c   Code   RO          864    i.check_sum         bluetooth.o
    0x08004752   0x08004752   0x00000002   PAD
    0x08004754   0x08004754   0x00000094   Code   RO          478    i.colorMode_handler  garl.o
    0x080047e8   0x080047e8   0x000000b6   Code   RO          159    i.hsv_to_rgb        colors.o
    0x0800489e   0x0800489e   0x00000002   PAD
    0x080048a0   0x080048a0   0x00000110   Code   RO          585    i.main              main.o
    0x080049b0   0x080049b0   0x000001e4   Code   RO          181    i.menuDrawHandler   menu.o
    0x08004b94   0x08004b94   0x00000014   Code   RO          182    i.menuHandler       menu.o
    0x08004ba8   0x08004ba8   0x000000d0   Code   RO          183    i.menuInputHandler  menu.o
    0x08004c78   0x08004c78   0x00000058   Code   RO          184    i.menu_init         menu.o
    0x08004cd0   0x08004cd0   0x000000a0   Code   RO          185    i.nextLine          menu.o
    0x08004d70   0x08004d70   0x000000c0   Code   RO          479    i.operatingMode_handler  garl.o
    0x08004e30   0x08004e30   0x00000210   Code   RO          186    i.page1_Draw        menu.o
    0x08005040   0x08005040   0x00000002   Code   RO          187    i.page2_Draw        menu.o
    0x08005042   0x08005042   0x00000002   Code   RO          188    i.page3_Draw        menu.o
    0x08005044   0x08005044   0x00000002   Code   RO          189    i.page4_Draw        menu.o
    0x08005046   0x08005046   0x00000002   Code   RO          190    i.page5_Draw        menu.o
    0x08005048   0x08005048   0x00000002   Code   RO          191    i.page6_Draw        menu.o
    0x0800504a   0x0800504a   0x00000002   PAD
    0x0800504c   0x0800504c   0x00000070   Code   RO          865    i.process_frame     bluetooth.o
    0x080050bc   0x080050bc   0x00000180   Code   RO          480    i.set_garl_color    garl.o
    0x0800523c   0x0800523c   0x00000074   Code   RO          192    i.showSplashScreen  menu.o
    0x080052b0   0x080052b0   0x0000006c   Code   RO          193    i.splashScreen      menu.o
    0x0800531c   0x0800531c   0x00000018   Code   RO          340    i.ssd1306_CopyToBuffer  ssd1306.o
    0x08005334   0x08005334   0x00000054   Code   RO          341    i.ssd1306_DrawPixel  ssd1306.o
    0x08005388   0x08005388   0x00000024   Code   RO          342    i.ssd1306_Fill      ssd1306.o
    0x080053ac   0x080053ac   0x000000a8   Code   RO          343    i.ssd1306_Init      ssd1306.o
    0x08005454   0x08005454   0x00000024   Code   RO          344    i.ssd1306_SendToDisplay  ssd1306.o
    0x08005478   0x08005478   0x00000020   Code   RO          345    i.ssd1306_SetContrast  ssd1306.o
    0x08005498   0x08005498   0x0000000c   Code   RO          346    i.ssd1306_SetCursor  ssd1306.o
    0x080054a4   0x080054a4   0x00000020   Code   RO          348    i.ssd1306_UpdateScreen  ssd1306.o
    0x080054c4   0x080054c4   0x000000b8   Code   RO          349    i.ssd1306_WriteChar  ssd1306.o
    0x0800557c   0x0800557c   0x00000094   Code   RO          350    i.ssd1306_WriteInt  ssd1306.o
    0x08005610   0x08005610   0x00000022   Code   RO          351    i.ssd1306_WriteString  ssd1306.o
    0x08005632   0x08005632   0x00000002   PAD
    0x08005634   0x08005634   0x00000108   Code   RO          481    i.turn_on_off_handler  garl.o
    0x0800573c   0x0800573c   0x00000002   Code   RO          194    i.uartHandler       menu.o
    0x0800573e   0x0800573e   0x00000002   PAD
    0x08005740   0x08005740   0x00000054   Code   RO           13    i.ws2812_init       ws2812.o
    0x08005794   0x08005794   0x0000001c   Code   RO           14    i.ws2812_light      ws2812.o
    0x080057b0   0x080057b0   0x0000010c   Code   RO           15    i.ws2812_pixel_rgb_to_buf_dma  ws2812.o
    0x080058bc   0x080058bc   0x00000597   Data   RO          324    .constdata          fonts.o
    0x08005e53   0x08005e53   0x00000001   PAD
    0x08005e54   0x08005e54   0x00000002   Data   RO          353    .constdata          ssd1306.o
    0x08005e56   0x08005e56   0x00000008   Data   RO         2017    .constdata          stm32f4xx_hal_dma.o
    0x08005e5e   0x08005e5e   0x00000018   Data   RO         3976    .constdata          system_stm32f4xx.o
    0x08005e76   0x08005e76   0x00000002   PAD
    0x08005e78   0x08005e78   0x00000020   Data   RO         4324    Region$$Table       anon$$obj.o


    Execution Region RW_IRAM1 (Exec base: 0x20000000, Load base: 0x08005e98, Size: 0x000059f8, Max: 0x00020000, ABSOLUTE, COMPRESSED[0x000003a0])

    Exec Addr    Load Addr    Size         Type   Attr      Idx    E Section Name        Object

    0x20000000   COMPRESSED   0x0000118b   Data   RW          196    .data               menu.o
    0x2000118b   COMPRESSED   0x00000001   PAD
    0x2000118c   COMPRESSED   0x0000000c   Data   RW          325    .data               fonts.o
    0x20001198   COMPRESSED   0x0000002a   Data   RW          483    .data               garl.o
    0x200011c2   COMPRESSED   0x0000000d   Data   RW          867    .data               bluetooth.o
    0x200011cf   COMPRESSED   0x00000001   PAD
    0x200011d0   COMPRESSED   0x00000009   Data   RW         2473    .data               stm32f4xx_hal.o
    0x200011d9   COMPRESSED   0x00000003   PAD
    0x200011dc   COMPRESSED   0x00000004   Data   RW         3977    .data               system_stm32f4xx.o
    0x200011e0        -       0x00003900   Zero   RW           16    .bss                ws2812.o
    0x20004ae0        -       0x00000460   Zero   RW          352    .bss                ssd1306.o
    0x20004f40        -       0x00000400   Zero   RW          434    .bss                settings.o
    0x20005340        -       0x0000012c   Zero   RW          482    .bss                garl.o
    0x2000546c        -       0x00000174   Zero   RW          586    .bss                main.o
    0x200055e0        -       0x00000014   Zero   RW          866    .bss                bluetooth.o
    0x200055f4   COMPRESSED   0x00000004   PAD
    0x200055f8        -       0x00000400   Zero   RW            1    STACK               startup_stm32f411xe.o


==============================================================================

Image component sizes


      Code (inc. data)   RO Data    RW Data    ZI Data      Debug   Object Name

       442         74          0         13         20       5516   bluetooth.o
       182          6          0          0          0       1145   colors.o
         0          0       1431         12          0       1023   fonts.o
      1552        116          0         42        300       8529   garl.o
      1138         86          0          0        372       7744   main.o
      1824        310          0       4491          0      10317   menu.o
         0          0          0          0       1024       1191   settings.o
       790         62          2          0       1120       7511   ssd1306.o
        36          8        408          0       1024        832   startup_stm32f411xe.o
       212         36          0          9          0       9357   stm32f4xx_hal.o
       304         22          0          0          0      34427   stm32f4xx_hal_cortex.o
      1272         16          8          0          0       6893   stm32f4xx_hal_dma.o
       496         32          0          0          0       3067   stm32f4xx_hal_gpio.o
      5456         60          0          0          0      28989   stm32f4xx_hal_i2c.o
       740         68          0          0          0       4634   stm32f4xx_hal_msp.o
      1800         84          0          0          0       5712   stm32f4xx_hal_rcc.o
      2378         72          0          0          0      18102   stm32f4xx_hal_tim.o
       156         22          0          0          0       1444   stm32f4xx_hal_tim_ex.o
      1810         12          0          0          0       6832   stm32f4xx_hal_uart.o
       230         28          0          0          0      35968   stm32f4xx_it.o
       220         26         24          4          0       1935   system_stm32f4xx.o
       380         30          0          0      14592     424161   ws2812.o

    ----------------------------------------------------------------------
     21454       1170       1908       4576      18456     625329   Object Totals
         0          0         32          0          0          0   (incl. Generated)
        36          0          3          5          4          0   (incl. Padding)

    ----------------------------------------------------------------------

      Code (inc. data)   RO Data    RW Data    ZI Data      Debug   Library Member Name

        94          0          0          0          0          0   __dclz77c.o
         0          0          0          0          0          0   entry.o
         0          0          0          0          0          0   entry10a.o
         0          0          0          0          0          0   entry11a.o
         4          0          0          0          0          0   entry12b.o
         8          4          0          0          0          0   entry2.o
         4          0          0          0          0          0   entry5.o
         0          0          0          0          0          0   entry7b.o
         0          0          0          0          0          0   entry8b.o
         8          4          0          0          0          0   entry9a.o
        30          0          0          0          0          0   handlers.o
        36          8          0          0          0         68   init.o
        30          0          0          0          0         68   llshl.o
        32          0          0          0          0         68   llushr.o
        36          0          0          0          0         68   memcpya.o
        36          0          0          0          0        108   memseta.o
       390         10          0          0          0        252   printf1.o
        44          0          0          0          0         80   uidiv.o
        98          0          0          0          0         92   uldiv.o

    ----------------------------------------------------------------------
       854         26          0          0          0        804   Library Totals
         4          0          0          0          0          0   (incl. Padding)

    ----------------------------------------------------------------------

      Code (inc. data)   RO Data    RW Data    ZI Data      Debug   Library Name

       850         26          0          0          0        804   mc_w.l

    ----------------------------------------------------------------------
       854         26          0          0          0        804   Library Totals

    ----------------------------------------------------------------------

==============================================================================


      Code (inc. data)   RO Data    RW Data    ZI Data      Debug   

     22308       1196       1908       4576      18456     608453   Grand Totals
     22308       1196       1908        928      18456     608453   ELF Image Totals (compressed)
     22308       1196       1908        928          0          0   ROM Totals

==============================================================================

    Total RO  Size (Code + RO Data)                24216 (  23.65kB)
    Total RW  Size (RW Data + ZI Data)             23032 (  22.49kB)
    Total ROM Size (Code + RO Data + RW Data)      25144 (  24.55kB)

==============================================================================

